Command: C:\Espressif\tools\python\v5.5.2\venv\Scripts\python.exe C:\esp\v5.5.2\esp-idf\tools/idf_monitor.py -p COM7 -b 115200 --toolchain-prefix xtensa-esp32s3-elf- --target esp32s3 --revision 0 C:\Users\ndeye\esp\hello_world\build\hello_world.elf C:\Users\ndeye\esp\hello_world\build\bootloader\bootloader.elf --force-color -m 'C:\Espressif\tools\python\v5.5.2\venv\Scripts\python.exe' 'C:\esp\v5.5.2\esp-idf\tools\idf.py' '-p' 'COM7'
ESP-ROM:esp32s3-20210327
Build:Mar 27 2021
rst:0x15 (USB_UART_CHIP_RESET),boot:0x0 (DOWNLOAD(USB/UART0))
Saved PC:0x40041a76
waiting for download
 size in the binary image header(2048k). Using the size in the bRestarting in 8 seconds...
Restarting in 7 seconds...
Restarting in 6 seconds...
Restarting in 5 seconds...
Restarting in 4 seconds...
Restarting in 3 seconds...
Restarting in 2 seconds...
Restarting in 1 seconds...
Restarting in 0 seconds...
Restarting now.
ESP-ROM:esp32s3-20210327
Build:Mar 27 2021
rst:0xc (RTC_SW_CPU_RST),boot:0x8 (SPI_FAST_FLASH_BOOT)
Saved PC:0x40379114
SPIWP:0xee
Octal Flash Mode Enabled
For OPI Flash, Use Default Flash Boot Mode
mode:SLOW_RD, clock div:1
load:0x3fce2820,len:0x158c
load:0x403c8700,len:0xd24
load:0x403cb700,len:0x2f34
entry 0x403c8924
[0;32mI (31) boot: ESP-IDF -128-NOTFOUND 2nd stage bootloader[0m
[0;32mI (32) boot: compile time Feb  9 2026 09:31:31[0m
[0;32mI (32) boot: Multicore bootloader[0m
[0;32mI (33) boot: chip revision: v0.2[0m
[0;32mI (35) boot: efuse block revision: v1.3[0m
[0;32mI (39) boot.esp32s3: Boot SPI Speed : 80MHz[0m
[0;32mI (43) boot.esp32s3: SPI Mode       : SLOW READ[0m
[0;32mI (47) boot.esp32s3: SPI Flash Size : 2MB[0m
[0;32mI (51) boot: Enabling RNG early entropy source...[0m
[0;32mI (55) boot: Partition Table:[0m
[0;32mI (58) boot: ## Label            Usage          Type ST Offset   Length[0m
[0;32mI (64) boot:  0 nvs              WiFi data        01 02 00009000 00006000[0m
[0;32mI (71) boot:  1 phy_init         RF data          01 01 0000f000 00001000[0m
[0;32mI (77) boot:  2 factory          factory app      00 00 00010000 00100000[0m
[0;32mI (84) boot: End of partition table[0m
[0;32mI (87) esp_image: segment 0: paddr=00010020 vaddr=3c010020 size=07c10h ( 31760) map[0m
[0;32mI (102) esp_image: segment 1: paddr=00017c38 vaddr=3fc92000 size=028c0h ( 10432) load[0m
[0;32mI (105) esp_image: segment 2: paddr=0001a500 vaddr=40374000 size=05b18h ( 23320) load[0m
[0;32mI (116) esp_image: segment 3: paddr=00020020 vaddr=42000020 size=0f2fch ( 62204) map[0m
[0;32mI (132) esp_image: segment 4: paddr=0002f324 vaddr=40379b18 size=0842ch ( 33836) load[0m
[0;32mI (141) esp_image: segment 5: paddr=00037758 vaddr=50000000 size=00020h (    32) load[0m
[0;32mI (147) boot: Loaded app from partition at offset 0x10000[0m
[0;32mI (147) boot: Disabling RNG early entropy source...[0m
[0;32mI (159) cpu_start: Multicore app[0m
[0;32mI (168) cpu_start: GPIO 44 and 43 are used as console UART I/O pins[0m
[0;32mI (168) cpu_start: Pro cpu start user code[0m
[0;32mI (168) cpu_start: cpu freq: 160000000 Hz[0m
[0;32mI (170) app_init: Application information:[0m
[0;32mI (174) app_init: Project name:     hello_world[0m
[0;32mI (178) app_init: App version:      1[0m
[0;32mI (181) app_init: Compile time:     Feb  9 2026 09:31:18[0m
[0;32mI (186) app_init: ELF file SHA256:  50f37f5d8...[0m
[0;32mI (191) app_init: ESP-IDF:          -128-NOTFOUND[0m
[0;32mI (195) efuse_init: Min chip rev:     v0.0[0m
[0;32mI (199) efuse_init: Max chip rev:     v0.99 [0m
[0;32mI (203) efuse_init: Chip rev:         v0.2[0m
[0;32mI (207) heap_init: Initializing. RAM available for dynamic allocation:[0m
[0;32mI (213) heap_init: At 3FC95108 len 00054608 (337 KiB): RAM[0m
[0;32mI (218) heap_init: At 3FCE9710 len 00005724 (21 KiB): RAM[0m
[0;32mI (223) heap_init: At 3FCF0000 len 00008000 (32 KiB): DRAM[0m
[0;32mI (229) heap_init: At 600FE000 len 00001FE8 (7 KiB): RTCRAM[0m
[0;33mW (234) spi_flash: Octal flash chip is using but dio mode is selected, will automatically switch to Octal mode[0m
[0;32mI (244) spi_flash: detected chip: mxic (opi)[0m
[0;32mI (248) spi_flash: flash io: opi_str[0m
[0;33mW (251) spi_flash: Detected size(32768k) larger than the size in the binary image header(2048k). Using the size in the binary image header.[0m
[0;32mI (263) sleep_gpio: Configure to isolate all GPIO pins in sleep state[0m
[0;32mI (270) sleep_gpio: Enable automatic switching of GPIO sleep configuration[0m
[0;32mI (276) main_task: Started on CPU0[0m
[0;32mI (286) main_task: Calling app_main()[0m
Hello world!
This is esp32s3 chip with 2 CPU core(s), WiFi/BLE, silicon revision v0.2, 2MB external flash
Minimum free heap size: 392752 bytes
Restarting in 10 seconds...
Restarting in 9 seconds...
Restarting in 8 seconds...
Restarting in 7 seconds...
Restarting in 6 seconds...
Restarting in 5 seconds...
Restarting in 4 seconds...
Restarting in 3 seconds...
Restarting in 2 seconds...
Restarting in 1 seconds...
Restarting in 0 seconds...
Restarting now.
ESP-ROM:esp32s3-20210327
Build:Mar 27 2021
rst:0xc (RTC_SW_CPU_RST),boot:0x8 (SPI_FAST_FLASH_BOOT)
Saved PC:0x40379114
SPIWP:0xee
Octal Flash Mode Enabled
For OPI Flash, Use Default Flash Boot Mode
mode:SLOW_RD, clock div:1
load:0x3fce2820,len:0x158c
load:0x403c8700,len:0xd24
load:0x403cb700,len:0x2f34
entry 0x403c8924
[0;32mI (31) boot: ESP-IDF -128-NOTFOUND 2nd stage bootloader[0m
[0;32mI (32) boot: compile time Feb  9 2026 09:31:31[0m
[0;32mI (32) boot: Multicore bootloader[0m
[0;32mI (33) boot: chip revision: v0.2[0m
[0;32mI (35) boot: efuse block revision: v1.3[0m
[0;32mI (39) boot.esp32s3: Boot SPI Speed : 80MHz[0m
[0;32mI (43) boot.esp32s3: SPI Mode       : SLOW READ[0m
[0;32mI (47) boot.esp32s3: SPI Flash Size : 2MB[0m
[0;32mI (51) boot: Enabling RNG early entropy source...[0m
[0;32mI (55) boot: Partition Table:[0m
[0;32mI (58) boot: ## Label            Usage          Type ST Offset   Length[0m
[0;32mI (64) boot:  0 nvs              WiFi data        01 02 00009000 00006000[0m
[0;32mI (71) boot:  1 phy_init         RF data          01 01 0000f000 00001000[0m
[0;32mI (77) boot:  2 factory          factory app      00 00 00010000 00100000[0m
[0;32mI (84) boot: End of partition table[0m
[0;32mI (87) esp_image: segment 0: paddr=00010020 vaddr=3c010020 size=07c10h ( 31760) map[0m
[0;32mI (102) esp_image: segment 1: paddr=00017c38 vaddr=3fc92000 size=028c0h ( 10432) load[0m
[0;32mI (105) esp_image: segment 2: paddr=0001a500 vaddr=40374000 size=05b18h ( 23320) load[0m
[0;32mI (116) esp_image: segment 3: paddr=00020020 vaddr=42000020 size=0f2fch ( 62204) map[0m
[0;32mI (132) esp_image: segment 4: paddr=0002f324 vaddr=40379b18 size=0842ch ( 33836) load[0m
[0;32mI (141) esp_image: segment 5: paddr=00037758 vaddr=50000000 size=00020h (    32) load[0m
[0;32mI (147) boot: Loaded app from partition at offset 0x10000[0m
[0;32mI (147) boot: Disabling RNG early entropy source...[0m
[0;32mI (159) cpu_start: Multicore app[0m
[0;32mI (168) cpu_start: GPIO 44 and 43 are used as console UART I/O pins[0m
[0;32mI (168) cpu_start: Pro cpu start user code[0m
[0;32mI (168) cpu_start: cpu freq: 160000000 Hz[0m
[0;32mI (170) app_init: Application information:[0m
[0;32mI (174) app_init: Project name:     hello_world[0m
[0;32mI (178) app_init: App version:      1[0m
[0;32mI (181) app_init: Compile time:     Feb  9 2026 09:31:18[0m
[0;32mI (186) app_init: ELF file SHA256:  50f37f5d8...[0m
[0;32mI (191) app_init: ESP-IDF:          -128-NOTFOUND[0m
[0;32mI (195) efuse_init: Min chip rev:     v0.0[0m
[0;32mI (199) efuse_init: Max chip rev:     v0.99 [0m
[0;32mI (203) efuse_init: Chip rev:         v0.2[0m
[0;32mI (207) heap_init: Initializing. RAM available for dynamic allocation:[0m
[0;32mI (213) heap_init: At 3FC95108 len 00054608 (337 KiB): RAM[0m
[0;32mI (218) heap_init: At 3FCE9710 len 00005724 (21 KiB): RAM[0m
[0;32mI (223) heap_init: At 3FCF0000 len 00008000 (32 KiB): DRAM[0m
[0;32mI (229) heap_init: At 600FE000 len 00001FE8 (7 KiB): RTCRAM[0m
[0;33mW (234) spi_flash: Octal flash chip is using but dio mode is selected, will automatically switch to Octal mode[0m
[0;32mI (244) spi_flash: detected chip: mxic (opi)[0m
[0;32mI (248) spi_flash: flash io: opi_str[0m
[0;33mW (251) spi_flash: Detected size(32768k) larger than the size in the binary image header(2048k). Using the size in the binary image header.[0m
[0;32mI (263) sleep_gpio: Configure to isolate all GPIO pins in sleep state[0m
[0;32mI (270) sleep_gpio: Enable automatic switching of GPIO sleep configuration[0m
[0;32mI (276) main_task: Started on CPU0[0m
[0;32mI (286) main_task: Calling app_main()[0m
Hello world!
This is esp32s3 chip with 2 CPU core(s), WiFi/BLE, silicon revision v0.2, 2MB external flash
Minimum free heap size: 392752 bytes
Restarting in 10 seconds...
Restarting in 9 seconds...
Restarting in 8 seconds...
Restarting in 7 seconds...
Restarting in 6 seconds...
Restarting in 5 seconds...
Restarting in 4 seconds...
Restarting in 3 seconds...
Restarting in 2 seconds...
Restarting in 1 seconds...
Restarting in 0 seconds...
Restarting now.
ESP-ROM:esp32s3-20210327
Build:Mar 27 2021
rst:0xc (RTC_SW_CPU_RST),boot:0x8 (SPI_FAST_FLASH_BOOT)
Saved PC:0x40379114
SPIWP:0xee
Octal Flash Mode Enabled
For OPI Flash, Use Default Flash Boot Mode
mode:SLOW_RD, clock div:1
load:0x3fce2820,len:0x158c
load:0x403c8700,len:0xd24
load:0x403cb700,len:0x2f34
entry 0x403c8924
[0;32mI (31) boot: ESP-IDF -128-NOTFOUND 2nd stage bootloader[0m
[0;32mI (32) boot: compile time Feb  9 2026 09:31:31[0m
[0;32mI (32) boot: Multicore bootloader[0m
[0;32mI (33) boot: chip revision: v0.2[0m
[0;32mI (35) boot: efuse block revision: v1.3[0m
[0;32mI (39) boot.esp32s3: Boot SPI Speed : 80MHz[0m
[0;32mI (43) boot.esp32s3: SPI Mode       : SLOW READ[0m
[0;32mI (47) boot.esp32s3: SPI Flash Size : 2MB[0m
[0;32mI (51) boot: Enabling RNG early entropy source...[0m
[0;32mI (55) boot: Partition Table:[0m
[0;32mI (58) boot: ## Label            Usage          Type ST Offset   Length[0m
[0;32mI (64) boot:  0 nvs              WiFi data        01 02 00009000 00006000[0m
[0;32mI (71) boot:  1 phy_init         RF data          01 01 0000f000 00001000[0m
[0;32mI (77) boot:  2 factory          factory app      00 00 00010000 00100000[0m
[0;32mI (84) boot: End of partition table[0m
[0;32mI (87) esp_image: segment 0: paddr=00010020 vaddr=3c010020 size=07c10h ( 31760) map[0m
[0;32mI (102) esp_image: segment 1: paddr=00017c38 vaddr=3fc92000 size=028c0h ( 10432) load[0m
[0;32mI (105) esp_image: segment 2: paddr=0001a500 vaddr=40374000 size=05b18h ( 23320) load[0m
[0;32mI (116) esp_image: segment 3: paddr=00020020 vaddr=42000020 size=0f2fch ( 62204) map[0m
[0;32mI (132) esp_image: segment 4: paddr=0002f324 vaddr=40379b18 size=0842ch ( 33836) load[0m
[0;32mI (141) esp_image: segment 5: paddr=00037758 vaddr=50000000 size=00020h (    32) load[0m
[0;32mI (147) boot: Loaded app from partition at offset 0x10000[0m
[0;32mI (147) boot: Disabling RNG early entropy source...[0m
[0;32mI (159) cpu_start: Multicore app[0m
[0;32mI (168) cpu_start: GPIO 44 and 43 are used as console UART I/O pins[0m
[0;32mI (168) cpu_start: Pro cpu start user code[0m
[0;32mI (168) cpu_start: cpu freq: 160000000 Hz[0m
[0;32mI (170) app_init: Application information:[0m
[0;32mI (174) app_init: Project name:     hello_world[0m
[0;32mI (178) app_init: App version:      1[0m
[0;32mI (181) app_init: Compile time:     Feb  9 2026 09:31:18[0m
[0;32mI (186) app_init: ELF file SHA256:  50f37f5d8...[0m
[0;32mI (191) app_init: ESP-IDF:          -128-NOTFOUND[0m
[0;32mI (195) efuse_init: Min chip rev:     v0.0[0m
[0;32mI (199) efuse_init: Max chip rev:     v0.99 [0m
[0;32mI (203) efuse_init: Chip rev:         v0.2[0m
[0;32mI (207) heap_init: Initializing. RAM available for dynamic allocation:[0m
[0;32mI (213) heap_init: At 3FC95108 len 00054608 (337 KiB): RAM[0m
[0;32mI (218) heap_init: At 3FCE9710 len 00005724 (21 KiB): RAM[0m
[0;32mI (223) heap_init: At 3FCF0000 len 00008000 (32 KiB): DRAM[0m
[0;32mI (229) heap_init: At 600FE000 len 00001FE8 (7 KiB): RTCRAM[0m
[0;33mW (234) spi_flash: Octal flash chip is using but dio mode is selected, will automatically switch to Octal mode[0m
[0;32mI (244) spi_flash: detected chip: mxic (opi)[0m
[0;32mI (248) spi_flash: flash io: opi_str[0m
[0;33mW (251) spi_flash: Detected size(32768k) larger than the size in the binary image header(2048k). Using the size in the binary image header.[0m
[0;32mI (263) sleep_gpio: Configure to isolate all GPIO pins in sleep state[0m
[0;32mI (270) sleep_gpio: Enable automatic switching of GPIO sleep configuration[0m
[0;32mI (276) main_task: Started on CPU0[0m
[0;32mI (286) main_task: Calling app_main()[0m
Hello world!
This is esp32s3 chip with 2 CPU core(s), WiFi/BLE, silicon revision v0.2, 2MB external flash
Minimum free heap size: 392752 bytes
Restarting in 10 seconds...
Restarting in 9 seconds...
Restarting in 8 seconds...
Restarting in 7 seconds...
Restarting in 6 seconds...
Restarting in 5 seconds...
Restarting in 4 seconds...
Restarting in 3 seconds...
Restarting in 2 seconds...
Restarting in 1 seconds...
Restarting in 0 seconds...
Restarting now.
ESP-ROM:esp32s3-20210327
Build:Mar 27 2021
rst:0xc (RTC_SW_CPU_RST),boot:0x8 (SPI_FAST_FLASH_BOOT)
Saved PC:0x40379114
SPIWP:0xee
Octal Flash Mode Enabled
For OPI Flash, Use Default Flash Boot Mode
mode:SLOW_RD, clock div:1
load:0x3fce2820,len:0x158c
load:0x403c8700,len:0xd24
load:0x403cb700,len:0x2f34
entry 0x403c8924
[0;32mI (31) boot: ESP-IDF -128-NOTFOUND 2nd stage bootloader[0m
[0;32mI (32) boot: compile time Feb  9 2026 09:31:31[0m
[0;32mI (32) boot: Multicore bootloader[0m
[0;32mI (33) boot: chip revision: v0.2[0m
[0;32mI (35) boot: efuse block revision: v1.3[0m
[0;32mI (39) boot.esp32s3: Boot SPI Speed : 80MHz[0m
[0;32mI (43) boot.esp32s3: SPI Mode       : SLOW READ[0m
[0;32mI (47) boot.esp32s3: SPI Flash Size : 2MB[0m
[0;32mI (51) boot: Enabling RNG early entropy source...[0m
[0;32mI (55) boot: Partition Table:[0m
[0;32mI (58) boot: ## Label            Usage          Type ST Offset   Length[0m
[0;32mI (64) boot:  0 nvs              WiFi data        01 02 00009000 00006000[0m
[0;32mI (71) boot:  1 phy_init         RF data          01 01 0000f000 00001000[0m
[0;32mI (77) boot:  2 factory          factory app      00 00 00010000 00100000[0m
[0;32mI (84) boot: End of partition table[0m
[0;32mI (87) esp_image: segment 0: paddr=00010020 vaddr=3c010020 size=07c10h ( 31760) map[0m
[0;32mI (102) esp_image: segment 1: paddr=00017c38 vaddr=3fc92000 size=028c0h ( 10432) load[0m
[0;32mI (105) esp_image: segment 2: paddr=0001a500 vaddr=40374000 size=05b18h ( 23320) load[0m
[0;32mI (116) esp_image: segment 3: paddr=00020020 vaddr=42000020 size=0f2fch ( 62204) map[0m
[0;32mI (132) esp_image: segment 4: paddr=0002f324 vaddr=40379b18 size=0842ch ( 33836) load[0m
[0;32mI (141) esp_image: segment 5: paddr=00037758 vaddr=50000000 size=00020h (    32) load[0m
[0;32mI (147) boot: Loaded app from partition at offset 0x10000[0m
[0;32mI (147) boot: Disabling RNG early entropy source...[0m
[0;32mI (159) cpu_start: Multicore app[0m
[0;32mI (168) cpu_start: GPIO 44 and 43 are used as console UART I/O pins[0m
[0;32mI (168) cpu_start: Pro cpu start user code[0m
[0;32mI (168) cpu_start: cpu freq: 160000000 Hz[0m
[0;32mI (170) app_init: Application information:[0m
[0;32mI (174) app_init: Project name:     hello_world[0m
[0;32mI (178) app_init: App version:      1[0m
[0;32mI (181) app_init: Compile time:     Feb  9 2026 09:31:18[0m
[0;32mI (186) app_init: ELF file SHA256:  50f37f5d8...[0m
[0;32mI (191) app_init: ESP-IDF:          -128-NOTFOUND[0m
[0;32mI (195) efuse_init: Min chip rev:     v0.0[0m
[0;32mI (199) efuse_init: Max chip rev:     v0.99 [0m
[0;32mI (203) efuse_init: Chip rev:         v0.2[0m
[0;32mI (207) heap_init: Initializing. RAM available for dynamic allocation:[0m
[0;32mI (213) heap_init: At 3FC95108 len 00054608 (337 KiB): RAM[0m
[0;32mI (218) heap_init: At 3FCE9710 len 00005724 (21 KiB): RAM[0m
[0;32mI (223) heap_init: At 3FCF0000 len 00008000 (32 KiB): DRAM[0m
[0;32mI (229) heap_init: At 600FE000 len 00001FE8 (7 KiB): RTCRAM[0m
[0;33mW (234) spi_flash: Octal flash chip is using but dio mode is selected, will automatically switch to Octal mode[0m
[0;32mI (244) spi_flash: detected chip: mxic (opi)[0m
[0;32mI (248) spi_flash: flash io: opi_str[0m
[0;33mW (251) spi_flash: Detected size(32768k) larger than the size in the binary image header(2048k). Using the size in the binary image header.[0m
[0;32mI (263) sleep_gpio: Configure to isolate all GPIO pins in sleep state[0m
[0;32mI (270) sleep_gpio: Enable automatic switching of GPIO sleep configuration[0m
[0;32mI (276) main_task: Started on CPU0[0m
[0;32mI (286) main_task: Calling app_main()[0m
Hello world!
This is esp32s3 chip with 2 CPU core(s), WiFi/BLE, silicon revision v0.2, 2MB external flash
Minimum free heap size: 392752 bytes
Restarting in 10 seconds...
Restarting in 9 seconds...
Restarting in 8 seconds...
Restarting in 7 seconds...
Restarting in 6 seconds...
Restarting in 5 seconds...
Restarting in 4 seconds...
Restarting in 3 seconds...
Restarting in 2 seconds...
Restarting in 1 seconds...
Restarting in 0 seconds...
Restarting now.
ESP-ROM:esp32s3-20210327
Build:Mar 27 2021
rst:0xc (RTC_SW_CPU_RST),boot:0x8 (SPI_FAST_FLASH_BOOT)
Saved PC:0x40379114
SPIWP:0xee
Octal Flash Mode Enabled
For OPI Flash, Use Default Flash Boot Mode
mode:SLOW_RD, clock div:1
load:0x3fce2820,len:0x158c
load:0x403c8700,len:0xd24
load:0x403cb700,len:0x2f34
entry 0x403c8924
[0;32mI (31) boot: ESP-IDF -128-NOTFOUND 2nd stage bootloader[0m
[0;32mI (32) boot: compile time Feb  9 2026 09:31:31[0m
[0;32mI (32) boot: Multicore bootloader[0m
[0;32mI (33) boot: chip revision: v0.2[0m
[0;32mI (35) boot: efuse block revision: v1.3[0m
[0;32mI (39) boot.esp32s3: Boot SPI Speed : 80MHz[0m
[0;32mI (43) boot.esp32s3: SPI Mode       : SLOW READ[0m
[0;32mI (47) boot.esp32s3: SPI Flash Size : 2MB[0m
[0;32mI (51) boot: Enabling RNG early entropy source...[0m
[0;32mI (55) boot: Partition Table:[0m
[0;32mI (58) boot: ## Label            Usage          Type ST Offset   Length[0m
[0;32mI (64) boot:  0 nvs              WiFi data        01 02 00009000 00006000[0m
[0;32mI (71) boot:  1 phy_init         RF data          01 01 0000f000 00001000[0m
[0;32mI (77) boot:  2 factory          factory app      00 00 00010000 00100000[0m
[0;32mI (84) boot: End of partition table[0m
[0;32mI (87) esp_image: segment 0: paddr=00010020 vaddr=3c010020 size=07c10h ( 31760) map[0m
[0;32mI (102) esp_image: segment 1: paddr=00017c38 vaddr=3fc92000 size=028c0h ( 10432) load[0m
[0;32mI (105) esp_image: segment 2: paddr=0001a500 vaddr=40374000 size=05b18h ( 23320) load[0m
[0;32mI (116) esp_image: segment 3: paddr=00020020 vaddr=42000020 size=0f2fch ( 62204) map[0m
[0;32mI (132) esp_image: segment 4: paddr=0002f324 vaddr=40379b18 size=0842ch ( 33836) load[0m
[0;32mI (141) esp_image: segment 5: paddr=00037758 vaddr=50000000 size=00020h (    32) load[0m
[0;32mI (147) boot: Loaded app from partition at offset 0x10000[0m
[0;32mI (147) boot: Disabling RNG early entropy source...[0m
[0;32mI (159) cpu_start: Multicore app[0m
[0;32mI (168) cpu_start: GPIO 44 and 43 are used as console UART I/O pins[0m
[0;32mI (168) cpu_start: Pro cpu start user code[0m
[0;32mI (168) cpu_start: cpu freq: 160000000 Hz[0m
[0;32mI (170) app_init: Application information:[0m
[0;32mI (174) app_init: Project name:     hello_world[0m
[0;32mI (178) app_init: App version:      1[0m
[0;32mI (181) app_init: Compile time:     Feb  9 2026 09:31:18[0m
[0;32mI (186) app_init: ELF file SHA256:  50f37f5d8...[0m
[0;32mI (191) app_init: ESP-IDF:          -128-NOTFOUND[0m
[0;32mI (195) efuse_init: Min chip rev:     v0.0[0m
[0;32mI (199) efuse_init: Max chip rev:     v0.99 [0m
[0;32mI (203) efuse_init: Chip rev:         v0.2[0m
[0;32mI (207) heap_init: Initializing. RAM available for dynamic allocation:[0m
[0;32mI (213) heap_init: At 3FC95108 len 00054608 (337 KiB): RAM[0m
[0;32mI (218) heap_init: At 3FCE9710 len 00005724 (21 KiB): RAM[0m
[0;32mI (223) heap_init: At 3FCF0000 len 00008000 (32 KiB): DRAM[0m
[0;32mI (229) heap_init: At 600FE000 len 00001FE8 (7 KiB): RTCRAM[0m
[0;33mW (234) spi_flash: Octal flash chip is using but dio mode is selected, will automatically switch to Octal mode[0m
[0;32mI (244) spi_flash: detected chip: mxic (opi)[0m
[0;32mI (248) spi_flash: flash io: opi_str[0m
[0;33mW (251) spi_flash: Detected size(32768k) larger than the size in the binary image header(2048k). Using the size in the binary image header.[0m
[0;32mI (263) sleep_gpio: Configure to isolate all GPIO pins in sleep state[0m
[0;32mI (270) sleep_gpio: Enable automatic switching of GPIO sleep configuration[0m
[0;32mI (276) main_task: Started on CPU0[0m
[0;32mI (286) main_task: Calling app_main()[0m
Hello world!
This is esp32s3 chip with 2 CPU core(s), WiFi/BLE, silicon revision v0.2, 2MB external flash
Minimum free heap size: 392752 bytes
Restarting in 10 seconds...
Restarting in 9 seconds...
Restarting in 8 seconds...
Restarting in 7 seconds...
Restarting in 6 seconds...
Restarting in 5 seconds...
Restarting in 4 seconds...
Restarting in 3 seconds...
Restarting in 2 seconds...
Restarting in 1 seconds...
Restarting in 0 seconds...
Restarting now.
ESP-ROM:esp32s3-20210327
Build:Mar 27 2021
rst:0xc (RTC_SW_CPU_RST),boot:0x8 (SPI_FAST_FLASH_BOOT)
Saved PC:0x40379114
SPIWP:0xee
Octal Flash Mode Enabled
For OPI Flash, Use Default Flash Boot Mode
mode:SLOW_RD, clock div:1
load:0x3fce2820,len:0x158c
load:0x403c8700,len:0xd24
load:0x403cb700,len:0x2f34
entry 0x403c8924
[0;32mI (31) boot: ESP-IDF -128-NOTFOUND 2nd stage bootloader[0m
[0;32mI (32) boot: compile time Feb  9 2026 09:31:31[0m
[0;32mI (32) boot: Multicore bootloader[0m
[0;32mI (33) boot: chip revision: v0.2[0m
[0;32mI (35) boot: efuse block revision: v1.3[0m
[0;32mI (39) boot.esp32s3: Boot SPI Speed : 80MHz[0m
[0;32mI (43) boot.esp32s3: SPI Mode       : SLOW READ[0m
[0;32mI (47) boot.esp32s3: SPI Flash Size : 2MB[0m
[0;32mI (51) boot: Enabling RNG early entropy source...[0m
[0;32mI (55) boot: Partition Table:[0m
[0;32mI (58) boot: ## Label            Usage          Type ST Offset   Length[0m
[0;32mI (64) boot:  0 nvs              WiFi data        01 02 00009000 00006000[0m
[0;32mI (71) boot:  1 phy_init         RF data          01 01 0000f000 00001000[0m
[0;32mI (77) boot:  2 factory          factory app      00 00 00010000 00100000[0m
[0;32mI (84) boot: End of partition table[0m
[0;32mI (87) esp_image: segment 0: paddr=00010020 vaddr=3c010020 size=07c10h ( 31760) map[0m
[0;32mI (102) esp_image: segment 1: paddr=00017c38 vaddr=3fc92000 size=028c0h ( 10432) load[0m
[0;32mI (105) esp_image: segment 2: paddr=0001a500 vaddr=40374000 size=05b18h ( 23320) load[0m
[0;32mI (116) esp_image: segment 3: paddr=00020020 vaddr=42000020 size=0f2fch ( 62204) map[0m
[0;32mI (132) esp_image: segment 4: paddr=0002f324 vaddr=40379b18 size=0842ch ( 33836) load[0m
[0;32mI (141) esp_image: segment 5: paddr=00037758 vaddr=50000000 size=00020h (    32) load[0m
[0;32mI (147) boot: Loaded app from partition at offset 0x10000[0m
[0;32mI (147) boot: Disabling RNG early entropy source...[0m
[0;32mI (159) cpu_start: Multicore app[0m
[0;32mI (168) cpu_start: GPIO 44 and 43 are used as console UART I/O pins[0m
[0;32mI (168) cpu_start: Pro cpu start user code[0m
[0;32mI (168) cpu_start: cpu freq: 160000000 Hz[0m
[0;32mI (170) app_init: Application information:[0m
[0;32mI (174) app_init: Project name:     hello_world[0m
[0;32mI (178) app_init: App version:      1[0m
[0;32mI (181) app_init: Compile time:     Feb  9 2026 09:31:18[0m
[0;32mI (186) app_init: ELF file SHA256:  50f37f5d8...[0m
[0;32mI (191) app_init: ESP-IDF:          -128-NOTFOUND[0m
[0;32mI (195) efuse_init: Min chip rev:     v0.0[0m
[0;32mI (199) efuse_init: Max chip rev:     v0.99 [0m
[0;32mI (203) efuse_init: Chip rev:         v0.2[0m
[0;32mI (207) heap_init: Initializing. RAM available for dynamic allocation:[0m
[0;32mI (213) heap_init: At 3FC95108 len 00054608 (337 KiB): RAM[0m
[0;32mI (218) heap_init: At 3FCE9710 len 00005724 (21 KiB): RAM[0m
[0;32mI (223) heap_init: At 3FCF0000 len 00008000 (32 KiB): DRAM[0m
[0;32mI (229) heap_init: At 600FE000 len 00001FE8 (7 KiB): RTCRAM[0m
[0;33mW (234) spi_flash: Octal flash chip is using but dio mode is selected, will automatically switch to Octal mode[0m
[0;32mI (244) spi_flash: detected chip: mxic (opi)[0m
[0;32mI (248) spi_flash: flash io: opi_str[0m
[0;33mW (251) spi_flash: Detected size(32768k) larger than the size in the binary image header(2048k). Using the size in the binary image header.[0m
[0;32mI (263) sleep_gpio: Configure to isolate all GPIO pins in sleep state[0m
[0;32mI (270) sleep_gpio: Enable automatic switching of GPIO sleep configuration[0m
[0;32mI (276) main_task: Started on CPU0[0m
[0;32mI (286) main_task: Calling app_main()[0m
Hello world!
This is esp32s3 chip with 2 CPU core(s), WiFi/BLE, silicon revision v0.2, 2MB external flash
Minimum free heap size: 392752 bytes
Restarting in 10 seconds...
Restarting in 9 seconds...
Restarting in 8 seconds...
Restarting in 7 seconds...
Restarting in 6 seconds...
Restarting in 5 seconds...
Restarting in 4 seconds...
Restarting in 3 seconds...
Restarting in 2 seconds...
Restarting in 1 seconds...
Restarting in 0 seconds...
Restarting now.
ESP-ROM:esp32s3-20210327
Build:Mar 27 2021
rst:0xc (RTC_SW_CPU_RST),boot:0x8 (SPI_FAST_FLASH_BOOT)
Saved PC:0x40379114
SPIWP:0xee
Octal Flash Mode Enabled
For OPI Flash, Use Default Flash Boot Mode
mode:SLOW_RD, clock div:1
load:0x3fce2820,len:0x158c
load:0x403c8700,len:0xd24
load:0x403cb700,len:0x2f34
entry 0x403c8924
[0;32mI (31) boot: ESP-IDF -128-NOTFOUND 2nd stage bootloader[0m
[0;32mI (32) boot: compile time Feb  9 2026 09:31:31[0m
[0;32mI (32) boot: Multicore bootloader[0m
[0;32mI (33) boot: chip revision: v0.2[0m
[0;32mI (35) boot: efuse block revision: v1.3[0m
[0;32mI (39) boot.esp32s3: Boot SPI Speed : 80MHz[0m
[0;32mI (43) boot.esp32s3: SPI Mode       : SLOW READ[0m
[0;32mI (47) boot.esp32s3: SPI Flash Size : 2MB[0m
[0;32mI (51) boot: Enabling RNG early entropy source...[0m
[0;32mI (55) boot: Partition Table:[0m
[0;32mI (58) boot: ## Label            Usage          Type ST Offset   Length[0m
[0;32mI (64) boot:  0 nvs              WiFi data        01 02 00009000 00006000[0m
[0;32mI (71) boot:  1 phy_init         RF data          01 01 0000f000 00001000[0m
[0;32mI (77) boot:  2 factory          factory app      00 00 00010000 00100000[0m
[0;32mI (84) boot: End of partition table[0m
[0;32mI (87) esp_image: segment 0: paddr=00010020 vaddr=3c010020 size=07c10h ( 31760) map[0m
[0;32mI (102) esp_image: segment 1: paddr=00017c38 vaddr=3fc92000 size=028c0h ( 10432) load[0m
[0;32mI (105) esp_image: segment 2: paddr=0001a500 vaddr=40374000 size=05b18h ( 23320) load[0m
[0;32mI (116) esp_image: segment 3: paddr=00020020 vaddr=42000020 size=0f2fch ( 62204) map[0m
[0;32mI (132) esp_image: segment 4: paddr=0002f324 vaddr=40379b18 size=0842ch ( 33836) load[0m
[0;32mI (141) esp_image: segment 5: paddr=00037758 vaddr=50000000 size=00020h (    32) load[0m
[0;32mI (147) boot: Loaded app from partition at offset 0x10000[0m
[0;32mI (147) boot: Disabling RNG early entropy source...[0m
[0;32mI (159) cpu_start: Multicore app[0m
[0;32mI (168) cpu_start: GPIO 44 and 43 are used as console UART I/O pins[0m
[0;32mI (168) cpu_start: Pro cpu start user code[0m
[0;32mI (168) cpu_start: cpu freq: 160000000 Hz[0m
[0;32mI (170) app_init: Application information:[0m
[0;32mI (174) app_init: Project name:     hello_world[0m
[0;32mI (178) app_init: App version:      1[0m
[0;32mI (181) app_init: Compile time:     Feb  9 2026 09:31:18[0m
[0;32mI (186) app_init: ELF file SHA256:  50f37f5d8...[0m
[0;32mI (191) app_init: ESP-IDF:          -128-NOTFOUND[0m
[0;32mI (195) efuse_init: Min chip rev:     v0.0[0m
[0;32mI (199) efuse_init: Max chip rev:     v0.99 [0m
[0;32mI (203) efuse_init: Chip rev:         v0.2[0m
[0;32mI (207) heap_init: Initializing. RAM available for dynamic allocation:[0m
[0;32mI (213) heap_init: At 3FC95108 len 00054608 (337 KiB): RAM[0m
[0;32mI (218) heap_init: At 3FCE9710 len 00005724 (21 KiB): RAM[0m
[0;32mI (223) heap_init: At 3FCF0000 len 00008000 (32 KiB): DRAM[0m
[0;32mI (229) heap_init: At 600FE000 len 00001FE8 (7 KiB): RTCRAM[0m
[0;33mW (234) spi_flash: Octal flash chip is using but dio mode is selected, will automatically switch to Octal mode[0m
[0;32mI (244) spi_flash: detected chip: mxic (opi)[0m
[0;32mI (248) spi_flash: flash io: opi_str[0m
[0;33mW (251) spi_flash: Detected size(32768k) larger than the size in the binary image header(2048k). Using the size in the binary image header.[0m
[0;32mI (263) sleep_gpio: Configure to isolate all GPIO pins in sleep state[0m
[0;32mI (270) sleep_gpio: Enable automatic switching of GPIO sleep configuration[0m
[0;32mI (276) main_task: Started on CPU0[0m
[0;32mI (286) main_task: Calling app_main()[0m
Hello world!
This is esp32s3 chip with 2 CPU core(s), WiFi/BLE, silicon revision v0.2, 2MB external flash
Minimum free heap size: 392752 bytes
Restarting in 10 seconds...
Restarting in 9 seconds...
Restarting in 8 seconds...
Restarting in 7 seconds...
Restarting in 6 seconds...
Restarting in 5 seconds...
Restarting in 4 seconds...
Restarting in 3 seconds...
Restarting in 2 seconds...
Restarting in 1 seconds...
Restarting in 0 seconds...
Restarting now.
ESP-ROM:esp32s3-20210327
Build:Mar 27 2021
rst:0xc (RTC_SW_CPU_RST),boot:0x8 (SPI_FAST_FLASH_BOOT)
Saved PC:0x40379114
SPIWP:0xee
Octal Flash Mode Enabled
For OPI Flash, Use Default Flash Boot Mode
mode:SLOW_RD, clock div:1
load:0x3fce2820,len:0x158c
load:0x403c8700,len:0xd24
load:0x403cb700,len:0x2f34
entry 0x403c8924
[0;32mI (31) boot: ESP-IDF -128-NOTFOUND 2nd stage bootloader[0m
[0;32mI (32) boot: compile time Feb  9 2026 09:31:31[0m
[0;32mI (32) boot: Multicore bootloader[0m
[0;32mI (33) boot: chip revision: v0.2[0m
[0;32mI (35) boot: efuse block revision: v1.3[0m
[0;32mI (39) boot.esp32s3: Boot SPI Speed : 80MHz[0m
[0;32mI (43) boot.esp32s3: SPI Mode       : SLOW READ[0m
[0;32mI (47) boot.esp32s3: SPI Flash Size : 2MB[0m
[0;32mI (51) boot: Enabling RNG early entropy source...[0m
[0;32mI (55) boot: Partition Table:[0m
[0;32mI (58) boot: ## Label            Usage          Type ST Offset   Length[0m
[0;32mI (64) boot:  0 nvs              WiFi data        01 02 00009000 00006000[0m
[0;32mI (71) boot:  1 phy_init         RF data          01 01 0000f000 00001000[0m
[0;32mI (77) boot:  2 factory          factory app      00 00 00010000 00100000[0m
[0;32mI (84) boot: End of partition table[0m
[0;32mI (87) esp_image: segment 0: paddr=00010020 vaddr=3c010020 size=07c10h ( 31760) map[0m
[0;32mI (102) esp_image: segment 1: paddr=00017c38 vaddr=3fc92000 size=028c0h ( 10432) load[0m
[0;32mI (105) esp_image: segment 2: paddr=0001a500 vaddr=40374000 size=05b18h ( 23320) load[0m
[0;32mI (116) esp_image: segment 3: paddr=00020020 vaddr=42000020 size=0f2fch ( 62204) map[0m
[0;32mI (132) esp_image: segment 4: paddr=0002f324 vaddr=40379b18 size=0842ch ( 33836) load[0m
[0;32mI (141) esp_image: segment 5: paddr=00037758 vaddr=50000000 size=00020h (    32) load[0m
[0;32mI (147) boot: Loaded app from partition at offset 0x10000[0m
[0;32mI (147) boot: Disabling RNG early entropy source...[0m
[0;32mI (159) cpu_start: Multicore app[0m
[0;32mI (168) cpu_start: GPIO 44 and 43 are used as console UART I/O pins[0m
[0;32mI (168) cpu_start: Pro cpu start user code[0m
[0;32mI (168) cpu_start: cpu freq: 160000000 Hz[0m
[0;32mI (170) app_init: Application information:[0m
[0;32mI (174) app_init: Project name:     hello_world[0m
[0;32mI (178) app_init: App version:      1[0m
[0;32mI (181) app_init: Compile time:     Feb  9 2026 09:31:18[0m
[0;32mI (186) app_init: ELF file SHA256:  50f37f5d8...[0m
[0;32mI (191) app_init: ESP-IDF:          -128-NOTFOUND[0m
[0;32mI (195) efuse_init: Min chip rev:     v0.0[0m
[0;32mI (199) efuse_init: Max chip rev:     v0.99 [0m
[0;32mI (203) efuse_init: Chip rev:         v0.2[0m
[0;32mI (207) heap_init: Initializing. RAM available for dynamic allocation:[0m
[0;32mI (213) heap_init: At 3FC95108 len 00054608 (337 KiB): RAM[0m
[0;32mI (218) heap_init: At 3FCE9710 len 00005724 (21 KiB): RAM[0m
[0;32mI (223) heap_init: At 3FCF0000 len 00008000 (32 KiB): DRAM[0m
[0;32mI (229) heap_init: At 600FE000 len 00001FE8 (7 KiB): RTCRAM[0m
[0;33mW (234) spi_flash: Octal flash chip is using but dio mode is selected, will automatically switch to Octal mode[0m
[0;32mI (244) spi_flash: detected chip: mxic (opi)[0m
[0;32mI (248) spi_flash: flash io: opi_str[0m
[0;33mW (251) spi_flash: Detected size(32768k) larger than the size in the binary image header(2048k). Using the size in the binary image header.[0m
[0;32mI (263) sleep_gpio: Configure to isolate all GPIO pins in sleep state[0m
[0;32mI (270) sleep_gpio: Enable automatic switching of GPIO sleep configuration[0m
[0;32mI (276) main_task: Started on CPU0[0m
[0;32mI (286) main_task: Calling app_main()[0m
Hello world!
This is esp32s3 chip with 2 CPU core(s), WiFi/BLE, silicon revision v0.2, 2MB external flash
Minimum free heap size: 392752 bytes
Restarting in 10 seconds...
Restarting in 9 seconds...
Restarting in 8 seconds...
Restarting in 7 seconds...
Restarting in 6 seconds...
Restarting in 5 seconds...
Restarting in 4 seconds...
Restarting in 3 seconds...
Restarting in 2 seconds...
Restarting in 1 seconds...
Restarting in 0 seconds...
Restarting now.
ESP-ROM:esp32s3-20210327
Build:Mar 27 2021
rst:0xc (RTC_SW_CPU_RST),boot:0x8 (SPI_FAST_FLASH_BOOT)
Saved PC:0x40379114
SPIWP:0xee
Octal Flash Mode Enabled
For OPI Flash, Use Default Flash Boot Mode
mode:SLOW_RD, clock div:1
load:0x3fce2820,len:0x158c
load:0x403c8700,len:0xd24
load:0x403cb700,len:0x2f34
entry 0x403c8924
[0;32mI (31) boot: ESP-IDF -128-NOTFOUND 2nd stage bootloader[0m
[0;32mI (32) boot: compile time Feb  9 2026 09:31:31[0m
[0;32mI (32) boot: Multicore bootloader[0m
[0;32mI (33) boot: chip revision: v0.2[0m
[0;32mI (35) boot: efuse block revision: v1.3[0m
[0;32mI (39) boot.esp32s3: Boot SPI Speed : 80MHz[0m
[0;32mI (43) boot.esp32s3: SPI Mode       : SLOW READ[0m
[0;32mI (47) boot.esp32s3: SPI Flash Size : 2MB[0m
[0;32mI (51) boot: Enabling RNG early entropy source...[0m
[0;32mI (55) boot: Partition Table:[0m
[0;32mI (58) boot: ## Label            Usage          Type ST Offset   Length[0m
[0;32mI (64) boot:  0 nvs              WiFi data        01 02 00009000 00006000[0m
[0;32mI (71) boot:  1 phy_init         RF data          01 01 0000f000 00001000[0m
[0;32mI (77) boot:  2 factory          factory app      00 00 00010000 00100000[0m
[0;32mI (84) boot: End of partition table[0m
[0;32mI (87) esp_image: segment 0: paddr=00010020 vaddr=3c010020 size=07c10h ( 31760) map[0m
[0;32mI (102) esp_image: segment 1: paddr=00017c38 vaddr=3fc92000 size=028c0h ( 10432) load[0m
[0;32mI (105) esp_image: segment 2: paddr=0001a500 vaddr=40374000 size=05b18h ( 23320) load[0m
[0;32mI (116) esp_image: segment 3: paddr=00020020 vaddr=42000020 size=0f2fch ( 62204) map[0m
[0;32mI (132) esp_image: segment 4: paddr=0002f324 vaddr=40379b18 size=0842ch ( 33836) load[0m
[0;32mI (141) esp_image: segment 5: paddr=00037758 vaddr=50000000 size=00020h (    32) load[0m
[0;32mI (147) boot: Loaded app from partition at offset 0x10000[0m
[0;32mI (147) boot: Disabling RNG early entropy source...[0m
[0;32mI (159) cpu_start: Multicore app[0m
[0;32mI (168) cpu_start: GPIO 44 and 43 are used as console UART I/O pins[0m
[0;32mI (168) cpu_start: Pro cpu start user code[0m
[0;32mI (168) cpu_start: cpu freq: 160000000 Hz[0m
[0;32mI (170) app_init: Application information:[0m
[0;32mI (174) app_init: Project name:     hello_world[0m
[0;32mI (178) app_init: App version:      1[0m
[0;32mI (181) app_init: Compile time:     Feb  9 2026 09:31:18[0m
[0;32mI (186) app_init: ELF file SHA256:  50f37f5d8...[0m
[0;32mI (191) app_init: ESP-IDF:          -128-NOTFOUND[0m
[0;32mI (195) efuse_init: Min chip rev:     v0.0[0m
[0;32mI (199) efuse_init: Max chip rev:     v0.99 [0m
[0;32mI (203) efuse_init: Chip rev:         v0.2[0m
[0;32mI (207) heap_init: Initializing. RAM available for dynamic allocation:[0m
[0;32mI (213) heap_init: At 3FC95108 len 00054608 (337 KiB): RAM[0m
[0;32mI (218) heap_init: At 3FCE9710 len 00005724 (21 KiB): RAM[0m
[0;32mI (223) heap_init: At 3FCF0000 len 00008000 (32 KiB): DRAM[0m
[0;32mI (229) heap_init: At 600FE000 len 00001FE8 (7 KiB): RTCRAM[0m
[0;33mW (234) spi_flash: Octal flash chip is using but dio mode is selected, will automatically switch to Octal mode[0m
[0;32mI (244) spi_flash: detected chip: mxic (opi)[0m
[0;32mI (248) spi_flash: flash io: opi_str[0m
[0;33mW (251) spi_flash: Detected size(32768k) larger than the size in the binary image header(2048k). Using the size in the binary image header.[0m
[0;32mI (263) sleep_gpio: Configure to isolate all GPIO pins in sleep state[0m
[0;32mI (270) sleep_gpio: Enable automatic switching of GPIO sleep configuration[0m
[0;32mI (276) main_task: Started on CPU0[0m
[0;32mI (286) main_task: Calling app_main()[0m
Hello world!
This is esp32s3 chip with 2 CPU core(s), WiFi/BLE, silicon revision v0.2, 2MB external flash
Minimum free heap size: 392752 bytes
Restarting in 10 seconds...
Restarting in 9 seconds...
Restarting in 8 seconds...
Restarting in 7 seconds...
Restarting in 6 seconds...
Restarting in 5 seconds...
Restarting in 4 seconds...
Restarting in 3 seconds...
Restarting in 2 seconds...
Restarting in 1 seconds...
Restarting in 0 seconds...
Restarting now.
ESP-ROM:esp32s3-20210327
Build:Mar 27 2021
rst:0xc (RTC_SW_CPU_RST),boot:0x8 (SPI_FAST_FLASH_BOOT)
Saved PC:0x40379114
SPIWP:0xee
Octal Flash Mode Enabled
For OPI Flash, Use Default Flash Boot Mode
mode:SLOW_RD, clock div:1
load:0x3fce2820,len:0x158c
load:0x403c8700,len:0xd24
load:0x403cb700,len:0x2f34
entry 0x403c8924
[0;32mI (31) boot: ESP-IDF -128-NOTFOUND 2nd stage bootloader[0m
[0;32mI (32) boot: compile time Feb  9 2026 09:31:31[0m
[0;32mI (32) boot: Multicore bootloader[0m
[0;32mI (33) boot: chip revision: v0.2[0m
[0;32mI (35) boot: efuse block revision: v1.3[0m
[0;32mI (39) boot.esp32s3: Boot SPI Speed : 80MHz[0m
[0;32mI (43) boot.esp32s3: SPI Mode       : SLOW READ[0m
[0;32mI (47) boot.esp32s3: SPI Flash Size : 2MB[0m
[0;32mI (51) boot: Enabling RNG early entropy source...[0m
[0;32mI (55) boot: Partition Table:[0m
[0;32mI (58) boot: ## Label            Usage          Type ST Offset   Length[0m
[0;32mI (64) boot:  0 nvs              WiFi data        01 02 00009000 00006000[0m
[0;32mI (71) boot:  1 phy_init         RF data          01 01 0000f000 00001000[0m
[0;32mI (77) boot:  2 factory          factory app      00 00 00010000 00100000[0m
[0;32mI (84) boot: End of partition table[0m
[0;32mI (87) esp_image: segment 0: paddr=00010020 vaddr=3c010020 size=07c10h ( 31760) map[0m
[0;32mI (102) esp_image: segment 1: paddr=00017c38 vaddr=3fc92000 size=028c0h ( 10432) load[0m
[0;32mI (105) esp_image: segment 2: paddr=0001a500 vaddr=40374000 size=05b18h ( 23320) load[0m
[0;32mI (116) esp_image: segment 3: paddr=00020020 vaddr=42000020 size=0f2fch ( 62204) map[0m
[0;32mI (132) esp_image: segment 4: paddr=0002f324 vaddr=40379b18 size=0842ch ( 33836) load[0m
[0;32mI (141) esp_image: segment 5: paddr=00037758 vaddr=50000000 size=00020h (    32) load[0m
[0;32mI (147) boot: Loaded app from partition at offset 0x10000[0m
[0;32mI (147) boot: Disabling RNG early entropy source...[0m
[0;32mI (159) cpu_start: Multicore app[0m
[0;32mI (168) cpu_start: GPIO 44 and 43 are used as console UART I/O pins[0m
[0;32mI (168) cpu_start: Pro cpu start user code[0m
[0;32mI (168) cpu_start: cpu freq: 160000000 Hz[0m
[0;32mI (170) app_init: Application information:[0m
[0;32mI (174) app_init: Project name:     hello_world[0m
[0;32mI (178) app_init: App version:      1[0m
[0;32mI (181) app_init: Compile time:     Feb  9 2026 09:31:18[0m
[0;32mI (186) app_init: ELF file SHA256:  50f37f5d8...[0m
[0;32mI (191) app_init: ESP-IDF:          -128-NOTFOUND[0m
[0;32mI (195) efuse_init: Min chip rev:     v0.0[0m
[0;32mI (199) efuse_init: Max chip rev:     v0.99 [0m
[0;32mI (203) efuse_init: Chip rev:         v0.2[0m
[0;32mI (207) heap_init: Initializing. RAM available for dynamic allocation:[0m
[0;32mI (213) heap_init: At 3FC95108 len 00054608 (337 KiB): RAM[0m
[0;32mI (218) heap_init: At 3FCE9710 len 00005724 (21 KiB): RAM[0m
[0;32mI (223) heap_init: At 3FCF0000 len 00008000 (32 KiB): DRAM[0m
[0;32mI (229) heap_init: At 600FE000 len 00001FE8 (7 KiB): RTCRAM[0m
[0;33mW (234) spi_flash: Octal flash chip is using but dio mode is selected, will automatically switch to Octal mode[0m
[0;32mI (244) spi_flash: detected chip: mxic (opi)[0m
[0;32mI (248) spi_flash: flash io: opi_str[0m
[0;33mW (251) spi_flash: Detected size(32768k) larger than the size in the binary image header(2048k). Using the size in the binary image header.[0m
[0;32mI (263) sleep_gpio: Configure to isolate all GPIO pins in sleep state[0m
[0;32mI (270) sleep_gpio: Enable automatic switching of GPIO sleep configuration[0m
[0;32mI (276) main_task: Started on CPU0[0m
[0;32mI (286) main_task: Calling app_main()[0m
Hello world!
This is esp32s3 chip with 2 CPU core(s), WiFi/BLE, silicon revision v0.2, 2MB external flash
Minimum free heap size: 392752 bytes
Restarting in 10 seconds...
Restarting in 9 seconds...
Restarting in 8 seconds...
Restarting in 7 seconds...
Restarting in 6 seconds...
Restarting in 5 seconds...
Restarting in 4 seconds...
Restarting in 3 seconds...
Restarting in 2 seconds...
Restarting in 1 seconds...
Restarting in 0 seconds...
Restarting now.
ESP-ROM:esp32s3-20210327
Build:Mar 27 2021
rst:0xc (RTC_SW_CPU_RST),boot:0x8 (SPI_FAST_FLASH_BOOT)
Saved PC:0x40379114
SPIWP:0xee
Octal Flash Mode Enabled
For OPI Flash, Use Default Flash Boot Mode
mode:SLOW_RD, clock div:1
load:0x3fce2820,len:0x158c
load:0x403c8700,len:0xd24
load:0x403cb700,len:0x2f34
entry 0x403c8924
[0;32mI (31) boot: ESP-IDF -128-NOTFOUND 2nd stage bootloader[0m
[0;32mI (32) boot: compile time Feb  9 2026 09:31:31[0m
[0;32mI (32) boot: Multicore bootloader[0m
[0;32mI (33) boot: chip revision: v0.2[0m
[0;32mI (35) boot: efuse block revision: v1.3[0m
[0;32mI (39) boot.esp32s3: Boot SPI Speed : 80MHz[0m
[0;32mI (43) boot.esp32s3: SPI Mode       : SLOW READ[0m
[0;32mI (47) boot.esp32s3: SPI Flash Size : 2MB[0m
[0;32mI (51) boot: Enabling RNG early entropy source...[0m
[0;32mI (55) boot: Partition Table:[0m
[0;32mI (58) boot: ## Label            Usage          Type ST Offset   Length[0m
[0;32mI (64) boot:  0 nvs              WiFi data        01 02 00009000 00006000[0m
[0;32mI (71) boot:  1 phy_init         RF data          01 01 0000f000 00001000[0m
[0;32mI (77) boot:  2 factory          factory app      00 00 00010000 00100000[0m
[0;32mI (84) boot: End of partition table[0m
[0;32mI (87) esp_image: segment 0: paddr=00010020 vaddr=3c010020 size=07c10h ( 31760) map[0m
[0;32mI (102) esp_image: segment 1: paddr=00017c38 vaddr=3fc92000 size=028c0h ( 10432) load[0m
[0;32mI (105) esp_image: segment 2: paddr=0001a500 vaddr=40374000 size=05b18h ( 23320) load[0m
[0;32mI (116) esp_image: segment 3: paddr=00020020 vaddr=42000020 size=0f2fch ( 62204) map[0m
[0;32mI (132) esp_image: segment 4: paddr=0002f324 vaddr=40379b18 size=0842ch ( 33836) load[0m
[0;32mI (141) esp_image: segment 5: paddr=00037758 vaddr=50000000 size=00020h (    32) load[0m
[0;32mI (147) boot: Loaded app from partition at offset 0x10000[0m
[0;32mI (148) boot: Disabling RNG early entropy source...[0m
[0;32mI (159) cpu_start: Multicore app[0m
[0;32mI (168) cpu_start: GPIO 44 and 43 are used as console UART I/O pins[0m
[0;32mI (168) cpu_start: Pro cpu start user code[0m
[0;32mI (168) cpu_start: cpu freq: 160000000 Hz[0m
[0;32mI (170) app_init: Application information:[0m
[0;32mI (174) app_init: Project name:     hello_world[0m
[0;32mI (178) app_init: App version:      1[0m
[0;32mI (181) app_init: Compile time:     Feb  9 2026 09:31:18[0m
[0;32mI (186) app_init: ELF file SHA256:  50f37f5d8...[0m
[0;32mI (191) app_init: ESP-IDF:          -128-NOTFOUND[0m
[0;32mI (195) efuse_init: Min chip rev:     v0.0[0m
[0;32mI (199) efuse_init: Max chip rev:     v0.99 [0m
[0;32mI (203) efuse_init: Chip rev:         v0.2[0m
[0;32mI (207) heap_init: Initializing. RAM available for dynamic allocation:[0m
[0;32mI (213) heap_init: At 3FC95108 len 00054608 (337 KiB): RAM[0m
[0;32mI (218) heap_init: At 3FCE9710 len 00005724 (21 KiB): RAM[0m
[0;32mI (223) heap_init: At 3FCF0000 len 00008000 (32 KiB): DRAM[0m
[0;32mI (229) heap_init: At 600FE000 len 00001FE8 (7 KiB): RTCRAM[0m
[0;33mW (234) spi_flash: Octal flash chip is using but dio mode is selected, will automatically switch to Octal mode[0m
[0;32mI (244) spi_flash: detected chip: mxic (opi)[0m
[0;32mI (248) spi_flash: flash io: opi_str[0m
[0;33mW (251) spi_flash: Detected size(32768k) larger than the size in the binary image header(2048k). Using the size in the binary image header.[0m
[0;32mI (263) sleep_gpio: Configure to isolate all GPIO pins in sleep state[0m
[0;32mI (270) sleep_gpio: Enable automatic switching of GPIO sleep configuration[0m
[0;32mI (276) main_task: Started on CPU0[0m
[0;32mI (286) main_task: Calling app_main()[0m
Hello world!
This is esp32s3 chip with 2 CPU core(s), WiFi/BLE, silicon revision v0.2, 2MB external flash
Minimum free heap size: 392752 bytes
Restarting in 10 seconds...
Restarting in 9 seconds...
Restarting in 8 seconds...
Restarting in 7 seconds...
Restarting in 6 seconds...
Restarting in 5 seconds...
Restarting in 4 seconds...
Restarting in 3 seconds...
Restarting in 2 seconds...
Restarting in 1 seconds...
Restarting in 0 seconds...
Restarting now.
ESP-ROM:esp32s3-20210327
Build:Mar 27 2021
rst:0xc (RTC_SW_CPU_RST),boot:0x8 (SPI_FAST_FLASH_BOOT)
Saved PC:0x40379114
SPIWP:0xee
Octal Flash Mode Enabled
For OPI Flash, Use Default Flash Boot Mode
mode:SLOW_RD, clock div:1
load:0x3fce2820,len:0x158c
load:0x403c8700,len:0xd24
load:0x403cb700,len:0x2f34
entry 0x403c8924
[0;32mI (31) boot: ESP-IDF -128-NOTFOUND 2nd stage bootloader[0m
[0;32mI (32) boot: compile time Feb  9 2026 09:31:31[0m
[0;32mI (32) boot: Multicore bootloader[0m
[0;32mI (33) boot: chip revision: v0.2[0m
[0;32mI (35) boot: efuse block revision: v1.3[0m
[0;32mI (39) boot.esp32s3: Boot SPI Speed : 80MHz[0m
[0;32mI (43) boot.esp32s3: SPI Mode       : SLOW READ[0m
[0;32mI (47) boot.esp32s3: SPI Flash Size : 2MB[0m
[0;32mI (51) boot: Enabling RNG early entropy source...[0m
[0;32mI (55) boot: Partition Table:[0m
[0;32mI (58) boot: ## Label            Usage          Type ST Offset   Length[0m
[0;32mI (64) boot:  0 nvs              WiFi data        01 02 00009000 00006000[0m
[0;32mI (71) boot:  1 phy_init         RF data          01 01 0000f000 00001000[0m
[0;32mI (77) boot:  2 factory          factory app      00 00 00010000 00100000[0m
[0;32mI (84) boot: End of partition table[0m
[0;32mI (87) esp_image: segment 0: paddr=00010020 vaddr=3c010020 size=07c10h ( 31760) map[0m
[0;32mI (102) esp_image: segment 1: paddr=00017c38 vaddr=3fc92000 size=028c0h ( 10432) load[0m
[0;32mI (105) esp_image: segment 2: paddr=0001a500 vaddr=40374000 size=05b18h ( 23320) load[0m
[0;32mI (116) esp_image: segment 3: paddr=00020020 vaddr=42000020 size=0f2fch ( 62204) map[0m
[0;32mI (132) esp_image: segment 4: paddr=0002f324 vaddr=40379b18 size=0842ch ( 33836) load[0m
[0;32mI (141) esp_image: segment 5: paddr=00037758 vaddr=50000000 size=00020h (    32) load[0m
[0;32mI (147) boot: Loaded app from partition at offset 0x10000[0m
[0;32mI (147) boot: Disabling RNG early entropy source...[0m
[0;32mI (159) cpu_start: Multicore app[0m
[0;32mI (168) cpu_start: GPIO 44 and 43 are used as console UART I/O pins[0m
[0;32mI (168) cpu_start: Pro cpu start user code[0m
[0;32mI (168) cpu_start: cpu freq: 160000000 Hz[0m
[0;32mI (170) app_init: Application information:[0m
[0;32mI (174) app_init: Project name:     hello_world[0m
[0;32mI (178) app_init: App version:      1[0m
[0;32mI (181) app_init: Compile time:     Feb  9 2026 09:31:18[0m
[0;32mI (186) app_init: ELF file SHA256:  50f37f5d8...[0m
[0;32mI (191) app_init: ESP-IDF:          -128-NOTFOUND[0m
[0;32mI (195) efuse_init: Min chip rev:     v0.0[0m
[0;32mI (199) efuse_init: Max chip rev:     v0.99 [0m
[0;32mI (203) efuse_init: Chip rev:         v0.2[0m
[0;32mI (207) heap_init: Initializing. RAM available for dynamic allocation:[0m
[0;32mI (213) heap_init: At 3FC95108 len 00054608 (337 KiB): RAM[0m
[0;32mI (218) heap_init: At 3FCE9710 len 00005724 (21 KiB): RAM[0m
[0;32mI (223) heap_init: At 3FCF0000 len 00008000 (32 KiB): DRAM[0m
[0;32mI (229) heap_init: At 600FE000 len 00001FE8 (7 KiB): RTCRAM[0m
[0;33mW (234) spi_flash: Octal flash chip is using but dio mode is selected, will automatically switch to Octal mode[0m
[0;32mI (244) spi_flash: detected chip: mxic (opi)[0m
[0;32mI (248) spi_flash: flash io: opi_str[0m
[0;33mW (251) spi_flash: Detected size(32768k) larger than the size in the binary image header(2048k). Using the size in the binary image header.[0m
[0;32mI (263) sleep_gpio: Configure to isolate all GPIO pins in sleep state[0m
[0;32mI (270) sleep_gpio: Enable automatic switching of GPIO sleep configuration[0m
[0;32mI (276) main_task: Started on CPU0[0m
[0;32mI (286) main_task: Calling app_main()[0m
Hello world!
This is esp32s3 chip with 2 CPU core(s), WiFi/BLE, silicon revision v0.2, 2MB external flash
Minimum free heap size: 392752 bytes
Restarting in 10 seconds...
Restarting in 9 seconds...
Restarting in 8 seconds...
Restarting in 7 seconds...
Restarting in 6 seconds...
Restarting in 5 seconds...
Restarting in 4 seconds...
Restarting in 3 seconds...
Restarting in 2 seconds...
Restarting in 1 seconds...
Restarting in 0 seconds...
Restarting now.
ESP-ROM:esp32s3-20210327
Build:Mar 27 2021
rst:0xc (RTC_SW_CPU_RST),boot:0x8 (SPI_FAST_FLASH_BOOT)
Saved PC:0x40379114
SPIWP:0xee
Octal Flash Mode Enabled
For OPI Flash, Use Default Flash Boot Mode
mode:SLOW_RD, clock div:1
load:0x3fce2820,len:0x158c
load:0x403c8700,len:0xd24
load:0x403cb700,len:0x2f34
entry 0x403c8924
[0;32mI (31) boot: ESP-IDF -128-NOTFOUND 2nd stage bootloader[0m
[0;32mI (32) boot: compile time Feb  9 2026 09:31:31[0m
[0;32mI (32) boot: Multicore bootloader[0m
[0;32mI (33) boot: chip revision: v0.2[0m
[0;32mI (35) boot: efuse block revision: v1.3[0m
[0;32mI (39) boot.esp32s3: Boot SPI Speed : 80MHz[0m
[0;32mI (43) boot.esp32s3: SPI Mode       : SLOW READ[0m
[0;32mI (47) boot.esp32s3: SPI Flash Size : 2MB[0m
[0;32mI (51) boot: Enabling RNG early entropy source...[0m
[0;32mI (55) boot: Partition Table:[0m
[0;32mI (58) boot: ## Label            Usage          Type ST Offset   Length[0m
[0;32mI (64) boot:  0 nvs              WiFi data        01 02 00009000 00006000[0m
[0;32mI (71) boot:  1 phy_init         RF data          01 01 0000f000 00001000[0m
[0;32mI (77) boot:  2 factory          factory app      00 00 00010000 00100000[0m
[0;32mI (84) boot: End of partition table[0m
[0;32mI (87) esp_image: segment 0: paddr=00010020 vaddr=3c010020 size=07c10h ( 31760) map[0m
[0;32mI (102) esp_image: segment 1: paddr=00017c38 vaddr=3fc92000 size=028c0h ( 10432) load[0m
[0;32mI (105) esp_image: segment 2: paddr=0001a500 vaddr=40374000 size=05b18h ( 23320) load[0m
[0;32mI (116) esp_image: segment 3: paddr=00020020 vaddr=42000020 size=0f2fch ( 62204) map[0m
[0;32mI (132) esp_image: segment 4: paddr=0002f324 vaddr=40379b18 size=0842ch ( 33836) load[0m
[0;32mI (141) esp_image: segment 5: paddr=00037758 vaddr=50000000 size=00020h (    32) load[0m
[0;32mI (147) boot: Loaded app from partition at offset 0x10000[0m
[0;32mI (147) boot: Disabling RNG early entropy source...[0m
[0;32mI (159) cpu_start: Multicore app[0m
[0;32mI (168) cpu_start: GPIO 44 and 43 are used as console UART I/O pins[0m
[0;32mI (168) cpu_start: Pro cpu start user code[0m
[0;32mI (168) cpu_start: cpu freq: 160000000 Hz[0m
[0;32mI (170) app_init: Application information:[0m
[0;32mI (174) app_init: Project name:     hello_world[0m
[0;32mI (178) app_init: App version:      1[0m
[0;32mI (181) app_init: Compile time:     Feb  9 2026 09:31:18[0m
[0;32mI (186) app_init: ELF file SHA256:  50f37f5d8...[0m
[0;32mI (191) app_init: ESP-IDF:          -128-NOTFOUND[0m
[0;32mI (195) efuse_init: Min chip rev:     v0.0[0m
[0;32mI (199) efuse_init: Max chip rev:     v0.99 [0m
[0;32mI (203) efuse_init: Chip rev:         v0.2[0m
[0;32mI (207) heap_init: Initializing. RAM available for dynamic allocation:[0m
[0;32mI (213) heap_init: At 3FC95108 len 00054608 (337 KiB): RAM[0m
[0;32mI (218) heap_init: At 3FCE9710 len 00005724 (21 KiB): RAM[0m
[0;32mI (223) heap_init: At 3FCF0000 len 00008000 (32 KiB): DRAM[0m
[0;32mI (229) heap_init: At 600FE000 len 00001FE8 (7 KiB): RTCRAM[0m
[0;33mW (234) spi_flash: Octal flash chip is using but dio mode is selected, will automatically switch to Octal mode[0m
[0;32mI (244) spi_flash: detected chip: mxic (opi)[0m
[0;32mI (248) spi_flash: flash io: opi_str[0m
[0;33mW (251) spi_flash: Detected size(32768k) larger than the size in the binary image header(2048k). Using the size in the binary image header.[0m
[0;32mI (263) sleep_gpio: Configure to isolate all GPIO pins in sleep state[0m
[0;32mI (270) sleep_gpio: Enable automatic switching of GPIO sleep configuration[0m
[0;32mI (276) main_task: Started on CPU0[0m
[0;32mI (286) main_task: Calling app_main()[0m
Hello world!
This is esp32s3 chip with 2 CPU core(s), WiFi/BLE, silicon revision v0.2, 2MB external flash
Minimum free heap size: 392752 bytes
Restarting in 10 seconds...
Restarting in 9 seconds...
Restarting in 8 seconds...
Restarting in 7 seconds...
Restarting in 6 seconds...
Restarting in 5 seconds...
Restarting in 4 seconds...
Restarting in 3 seconds...
Restarting in 2 seconds...
Restarting in 1 seconds...
Restarting in 0 seconds...
Restarting now.
ESP-ROM:esp32s3-20210327
Build:Mar 27 2021
rst:0xc (RTC_SW_CPU_RST),boot:0x8 (SPI_FAST_FLASH_BOOT)
Saved PC:0x40379114
SPIWP:0xee
Octal Flash Mode Enabled
For OPI Flash, Use Default Flash Boot Mode
mode:SLOW_RD, clock div:1
load:0x3fce2820,len:0x158c
load:0x403c8700,len:0xd24
load:0x403cb700,len:0x2f34
entry 0x403c8924
[0;32mI (31) boot: ESP-IDF -128-NOTFOUND 2nd stage bootloader[0m
[0;32mI (32) boot: compile time Feb  9 2026 09:31:31[0m
[0;32mI (32) boot: Multicore bootloader[0m
[0;32mI (33) boot: chip revision: v0.2[0m
[0;32mI (35) boot: efuse block revision: v1.3[0m
[0;32mI (39) boot.esp32s3: Boot SPI Speed : 80MHz[0m
[0;32mI (43) boot.esp32s3: SPI Mode       : SLOW READ[0m
[0;32mI (47) boot.esp32s3: SPI Flash Size : 2MB[0m
[0;32mI (51) boot: Enabling RNG early entropy source...[0m
[0;32mI (55) boot: Partition Table:[0m
[0;32mI (58) boot: ## Label            Usage          Type ST Offset   Length[0m
[0;32mI (64) boot:  0 nvs              WiFi data        01 02 00009000 00006000[0m
[0;32mI (71) boot:  1 phy_init         RF data          01 01 0000f000 00001000[0m
[0;32mI (77) boot:  2 factory          factory app      00 00 00010000 00100000[0m
[0;32mI (84) boot: End of partition table[0m
[0;32mI (87) esp_image: segment 0: paddr=00010020 vaddr=3c010020 size=07c10h ( 31760) map[0m
[0;32mI (102) esp_image: segment 1: paddr=00017c38 vaddr=3fc92000 size=028c0h ( 10432) load[0m
[0;32mI (105) esp_image: segment 2: paddr=0001a500 vaddr=40374000 size=05b18h ( 23320) load[0m
[0;32mI (116) esp_image: segment 3: paddr=00020020 vaddr=42000020 size=0f2fch ( 62204) map[0m
[0;32mI (132) esp_image: segment 4: paddr=0002f324 vaddr=40379b18 size=0842ch ( 33836) load[0m
[0;32mI (141) esp_image: segment 5: paddr=00037758 vaddr=50000000 size=00020h (    32) load[0m
[0;32mI (147) boot: Loaded app from partition at offset 0x10000[0m
[0;32mI (147) boot: Disabling RNG early entropy source...[0m
[0;32mI (159) cpu_start: Multicore app[0m
[0;32mI (168) cpu_start: GPIO 44 and 43 are used as console UART I/O pins[0m
[0;32mI (168) cpu_start: Pro cpu start user code[0m
[0;32mI (168) cpu_start: cpu freq: 160000000 Hz[0m
[0;32mI (170) app_init: Application information:[0m
[0;32mI (174) app_init: Project name:     hello_world[0m
[0;32mI (178) app_init: App version:      1[0m
[0;32mI (181) app_init: Compile time:     Feb  9 2026 09:31:18[0m
[0;32mI (186) app_init: ELF file SHA256:  50f37f5d8...[0m
[0;32mI (191) app_init: ESP-IDF:          -128-NOTFOUND[0m
[0;32mI (195) efuse_init: Min chip rev:     v0.0[0m
[0;32mI (199) efuse_init: Max chip rev:     v0.99 [0m
[0;32mI (203) efuse_init: Chip rev:         v0.2[0m
[0;32mI (207) heap_init: Initializing. RAM available for dynamic allocation:[0m
[0;32mI (213) heap_init: At 3FC95108 len 00054608 (337 KiB): RAM[0m
[0;32mI (218) heap_init: At 3FCE9710 len 00005724 (21 KiB): RAM[0m
[0;32mI (223) heap_init: At 3FCF0000 len 00008000 (32 KiB): DRAM[0m
[0;32mI (229) heap_init: At 600FE000 len 00001FE8 (7 KiB): RTCRAM[0m
[0;33mW (234) spi_flash: Octal flash chip is using but dio mode is selected, will automatically switch to Octal mode[0m
[0;32mI (244) spi_flash: detected chip: mxic (opi)[0m
[0;32mI (248) spi_flash: flash io: opi_str[0m
[0;33mW (251) spi_flash: Detected size(32768k) larger than the size in the binary image header(2048k). Using the size in the binary image header.[0m
[0;32mI (263) sleep_gpio: Configure to isolate all GPIO pins in sleep state[0m
[0;32mI (270) sleep_gpio: Enable automatic switching of GPIO sleep configuration[0m
[0;32mI (276) main_task: Started on CPU0[0m
[0;32mI (286) main_task: Calling app_main()[0m
Hello world!
This is esp32s3 chip with 2 CPU core(s), WiFi/BLE, silicon revision v0.2, 2MB external flash
Minimum free heap size: 392752 bytes
Restarting in 10 seconds...
Restarting in 9 seconds...
Restarting in 8 seconds...
Restarting in 7 seconds...
Restarting in 6 seconds...
Restarting in 5 seconds...
Restarting in 4 seconds...
Restarting in 3 seconds...
Restarting in 2 seconds...
Restarting in 1 seconds...
Restarting in 0 seconds...
Restarting now.
ESP-ROM:esp32s3-20210327
Build:Mar 27 2021
rst:0xc (RTC_SW_CPU_RST),boot:0x8 (SPI_FAST_FLASH_BOOT)
Saved PC:0x40379114
SPIWP:0xee
Octal Flash Mode Enabled
For OPI Flash, Use Default Flash Boot Mode
mode:SLOW_RD, clock div:1
load:0x3fce2820,len:0x158c
load:0x403c8700,len:0xd24
load:0x403cb700,len:0x2f34
entry 0x403c8924
[0;32mI (31) boot: ESP-IDF -128-NOTFOUND 2nd stage bootloader[0m
[0;32mI (32) boot: compile time Feb  9 2026 09:31:31[0m
[0;32mI (32) boot: Multicore bootloader[0m
[0;32mI (33) boot: chip revision: v0.2[0m
[0;32mI (35) boot: efuse block revision: v1.3[0m
[0;32mI (39) boot.esp32s3: Boot SPI Speed : 80MHz[0m
[0;32mI (43) boot.esp32s3: SPI Mode       : SLOW READ[0m
[0;32mI (47) boot.esp32s3: SPI Flash Size : 2MB[0m
[0;32mI (51) boot: Enabling RNG early entropy source...[0m
[0;32mI (55) boot: Partition Table:[0m
[0;32mI (58) boot: ## Label            Usage          Type ST Offset   Length[0m
[0;32mI (64) boot:  0 nvs              WiFi data        01 02 00009000 00006000[0m
[0;32mI (71) boot:  1 phy_init         RF data          01 01 0000f000 00001000[0m
[0;32mI (77) boot:  2 factory          factory app      00 00 00010000 00100000[0m
[0;32mI (84) boot: End of partition table[0m
[0;32mI (87) esp_image: segment 0: paddr=00010020 vaddr=3c010020 size=07c10h ( 31760) map[0m
[0;32mI (102) esp_image: segment 1: paddr=00017c38 vaddr=3fc92000 size=028c0h ( 10432) load[0m
[0;32mI (105) esp_image: segment 2: paddr=0001a500 vaddr=40374000 size=05b18h ( 23320) load[0m
[0;32mI (116) esp_image: segment 3: paddr=00020020 vaddr=42000020 size=0f2fch ( 62204) map[0m
[0;32mI (132) esp_image: segment 4: paddr=0002f324 vaddr=40379b18 size=0842ch ( 33836) load[0m
[0;32mI (141) esp_image: segment 5: paddr=00037758 vaddr=50000000 size=00020h (    32) load[0m
[0;32mI (147) boot: Loaded app from partition at offset 0x10000[0m
[0;32mI (147) boot: Disabling RNG early entropy source...[0m
[0;32mI (159) cpu_start: Multicore app[0m
[0;32mI (168) cpu_start: GPIO 44 and 43 are used as console UART I/O pins[0m
[0;32mI (168) cpu_start: Pro cpu start user code[0m
[0;32mI (168) cpu_start: cpu freq: 160000000 Hz[0m
[0;32mI (170) app_init: Application information:[0m
[0;32mI (174) app_init: Project name:     hello_world[0m
[0;32mI (178) app_init: App version:      1[0m
[0;32mI (181) app_init: Compile time:     Feb  9 2026 09:31:18[0m
[0;32mI (186) app_init: ELF file SHA256:  50f37f5d8...[0m
[0;32mI (191) app_init: ESP-IDF:          -128-NOTFOUND[0m
[0;32mI (195) efuse_init: Min chip rev:     v0.0[0m
[0;32mI (199) efuse_init: Max chip rev:     v0.99 [0m
[0;32mI (203) efuse_init: Chip rev:         v0.2[0m
[0;32mI (207) heap_init: Initializing. RAM available for dynamic allocation:[0m
[0;32mI (213) heap_init: At 3FC95108 len 00054608 (337 KiB): RAM[0m
[0;32mI (218) heap_init: At 3FCE9710 len 00005724 (21 KiB): RAM[0m
[0;32mI (223) heap_init: At 3FCF0000 len 00008000 (32 KiB): DRAM[0m
[0;32mI (229) heap_init: At 600FE000 len 00001FE8 (7 KiB): RTCRAM[0m
[0;33mW (234) spi_flash: Octal flash chip is using but dio mode is selected, will automatically switch to Octal mode[0m
[0;32mI (244) spi_flash: detected chip: mxic (opi)[0m
[0;32mI (248) spi_flash: flash io: opi_str[0m
[0;33mW (251) spi_flash: Detected size(32768k) larger than the size in the binary image header(2048k). Using the size in the binary image header.[0m
[0;32mI (263) sleep_gpio: Configure to isolate all GPIO pins in sleep state[0m
[0;32mI (270) sleep_gpio: Enable automatic switching of GPIO sleep configuration[0m
[0;32mI (276) main_task: Started on CPU0[0m
[0;32mI (286) main_task: Calling app_main()[0m
Hello world!
This is esp32s3 chip with 2 CPU core(s), WiFi/BLE, silicon revision v0.2, 2MB external flash
Minimum free heap size: 392752 bytes
Restarting in 10 seconds...
Restarting in 9 seconds...
Restarting in 8 seconds...
Restarting in 7 seconds...
Restarting in 6 seconds...
Restarting in 5 seconds...
Restarting in 4 seconds...
Restarting in 3 seconds...
Restarting in 2 seconds...
Restarting in 1 seconds...
Restarting in 0 seconds...
Restarting now.
ESP-ROM:esp32s3-20210327
Build:Mar 27 2021
rst:0xc (RTC_SW_CPU_RST),boot:0x8 (SPI_FAST_FLASH_BOOT)
Saved PC:0x40379114
SPIWP:0xee
Octal Flash Mode Enabled
For OPI Flash, Use Default Flash Boot Mode
mode:SLOW_RD, clock div:1
load:0x3fce2820,len:0x158c
load:0x403c8700,len:0xd24
load:0x403cb700,len:0x2f34
entry 0x403c8924
[0;32mI (31) boot: ESP-IDF -128-NOTFOUND 2nd stage bootloader[0m
[0;32mI (32) boot: compile time Feb  9 2026 09:31:31[0m
[0;32mI (32) boot: Multicore bootloader[0m
[0;32mI (33) boot: chip revision: v0.2[0m
[0;32mI (35) boot: efuse block revision: v1.3[0m
[0;32mI (39) boot.esp32s3: Boot SPI Speed : 80MHz[0m
[0;32mI (43) boot.esp32s3: SPI Mode       : SLOW READ[0m
[0;32mI (47) boot.esp32s3: SPI Flash Size : 2MB[0m
[0;32mI (51) boot: Enabling RNG early entropy source...[0m
[0;32mI (55) boot: Partition Table:[0m
[0;32mI (58) boot: ## Label            Usage          Type ST Offset   Length[0m
[0;32mI (64) boot:  0 nvs              WiFi data        01 02 00009000 00006000[0m
[0;32mI (71) boot:  1 phy_init         RF data          01 01 0000f000 00001000[0m
[0;32mI (77) boot:  2 factory          factory app      00 00 00010000 00100000[0m
[0;32mI (84) boot: End of partition table[0m
[0;32mI (87) esp_image: segment 0: paddr=00010020 vaddr=3c010020 size=07c10h ( 31760) map[0m
[0;32mI (102) esp_image: segment 1: paddr=00017c38 vaddr=3fc92000 size=028c0h ( 10432) load[0m
[0;32mI (105) esp_image: segment 2: paddr=0001a500 vaddr=40374000 size=05b18h ( 23320) load[0m
[0;32mI (116) esp_image: segment 3: paddr=00020020 vaddr=42000020 size=0f2fch ( 62204) map[0m
[0;32mI (132) esp_image: segment 4: paddr=0002f324 vaddr=40379b18 size=0842ch ( 33836) load[0m
[0;32mI (141) esp_image: segment 5: paddr=00037758 vaddr=50000000 size=00020h (    32) load[0m
[0;32mI (147) boot: Loaded app from partition at offset 0x10000[0m
[0;32mI (147) boot: Disabling RNG early entropy source...[0m
[0;32mI (159) cpu_start: Multicore app[0m
[0;32mI (168) cpu_start: GPIO 44 and 43 are used as console UART I/O pins[0m
[0;32mI (168) cpu_start: Pro cpu start user code[0m
[0;32mI (168) cpu_start: cpu freq: 160000000 Hz[0m
[0;32mI (170) app_init: Application information:[0m
[0;32mI (174) app_init: Project name:     hello_world[0m
[0;32mI (178) app_init: App version:      1[0m
[0;32mI (181) app_init: Compile time:     Feb  9 2026 09:31:18[0m
[0;32mI (186) app_init: ELF file SHA256:  50f37f5d8...[0m
[0;32mI (191) app_init: ESP-IDF:          -128-NOTFOUND[0m
[0;32mI (195) efuse_init: Min chip rev:     v0.0[0m
[0;32mI (199) efuse_init: Max chip rev:     v0.99 [0m
[0;32mI (203) efuse_init: Chip rev:         v0.2[0m
[0;32mI (207) heap_init: Initializing. RAM available for dynamic allocation:[0m
[0;32mI (213) heap_init: At 3FC95108 len 00054608 (337 KiB): RAM[0m
[0;32mI (218) heap_init: At 3FCE9710 len 00005724 (21 KiB): RAM[0m
[0;32mI (223) heap_init: At 3FCF0000 len 00008000 (32 KiB): DRAM[0m
[0;32mI (229) heap_init: At 600FE000 len 00001FE8 (7 KiB): RTCRAM[0m
[0;33mW (234) spi_flash: Octal flash chip is using but dio mode is selected, will automatically switch to Octal mode[0m
[0;32mI (244) spi_flash: detected chip: mxic (opi)[0m
[0;32mI (248) spi_flash: flash io: opi_str[0m
[0;33mW (251) spi_flash: Detected size(32768k) larger than the size in the binary image header(2048k). Using the size in the binary image header.[0m
[0;32mI (263) sleep_gpio: Configure to isolate all GPIO pins in sleep state[0m
[0;32mI (270) sleep_gpio: Enable automatic switching of GPIO sleep configuration[0m
[0;32mI (276) main_task: Started on CPU0[0m
[0;32mI (286) main_task: Calling app_main()[0m
Hello world!
This is esp32s3 chip with 2 CPU core(s), WiFi/BLE, silicon revision v0.2, 2MB external flash
Minimum free heap size: 392752 bytes
Restarting in 10 seconds...
Restarting in 9 seconds...
Restarting in 8 seconds...
Restarting in 7 seconds...
Restarting in 6 seconds...
Restarting in 5 seconds...
Restarting in 4 seconds...
Restarting in 3 seconds...
Restarting in 2 seconds...
Restarting in 1 seconds...
Restarting in 0 seconds...
Restarting now.
ESP-ROM:esp32s3-20210327
Build:Mar 27 2021
rst:0xc (RTC_SW_CPU_RST),boot:0x8 (SPI_FAST_FLASH_BOOT)
Saved PC:0x40379114
SPIWP:0xee
Octal Flash Mode Enabled
For OPI Flash, Use Default Flash Boot Mode
mode:SLOW_RD, clock div:1
load:0x3fce2820,len:0x158c
load:0x403c8700,len:0xd24
load:0x403cb700,len:0x2f34
entry 0x403c8924
[0;32mI (31) boot: ESP-IDF -128-NOTFOUND 2nd stage bootloader[0m
[0;32mI (32) boot: compile time Feb  9 2026 09:31:31[0m
[0;32mI (32) boot: Multicore bootloader[0m
[0;32mI (33) boot: chip revision: v0.2[0m
[0;32mI (35) boot: efuse block revision: v1.3[0m
[0;32mI (39) boot.esp32s3: Boot SPI Speed : 80MHz[0m
[0;32mI (43) boot.esp32s3: SPI Mode       : SLOW READ[0m
[0;32mI (47) boot.esp32s3: SPI Flash Size : 2MB[0m
[0;32mI (51) boot: Enabling RNG early entropy source...[0m
[0;32mI (55) boot: Partition Table:[0m
[0;32mI (58) boot: ## Label            Usage          Type ST Offset   Length[0m
[0;32mI (64) boot:  0 nvs              WiFi data        01 02 00009000 00006000[0m
[0;32mI (71) boot:  1 phy_init         RF data          01 01 0000f000 00001000[0m
[0;32mI (77) boot:  2 factory          factory app      00 00 00010000 00100000[0m
[0;32mI (84) boot: End of partition table[0m
[0;32mI (87) esp_image: segment 0: paddr=00010020 vaddr=3c010020 size=07c10h ( 31760) map[0m
[0;32mI (102) esp_image: segment 1: paddr=00017c38 vaddr=3fc92000 size=028c0h ( 10432) load[0m
[0;32mI (105) esp_image: segment 2: paddr=0001a500 vaddr=40374000 size=05b18h ( 23320) load[0m
[0;32mI (116) esp_image: segment 3: paddr=00020020 vaddr=42000020 size=0f2fch ( 62204) map[0m
[0;32mI (132) esp_image: segment 4: paddr=0002f324 vaddr=40379b18 size=0842ch ( 33836) load[0m
[0;32mI (141) esp_image: segment 5: paddr=00037758 vaddr=50000000 size=00020h (    32) load[0m
[0;32mI (147) boot: Loaded app from partition at offset 0x10000[0m
[0;32mI (147) boot: Disabling RNG early entropy source...[0m
[0;32mI (159) cpu_start: Multicore app[0m
[0;32mI (168) cpu_start: GPIO 44 and 43 are used as console UART I/O pins[0m
[0;32mI (168) cpu_start: Pro cpu start user code[0m
[0;32mI (168) cpu_start: cpu freq: 160000000 Hz[0m
[0;32mI (170) app_init: Application information:[0m
[0;32mI (174) app_init: Project name:     hello_world[0m
[0;32mI (178) app_init: App version:      1[0m
[0;32mI (181) app_init: Compile time:     Feb  9 2026 09:31:18[0m
[0;32mI (186) app_init: ELF file SHA256:  50f37f5d8...[0m
[0;32mI (191) app_init: ESP-IDF:          -128-NOTFOUND[0m
[0;32mI (195) efuse_init: Min chip rev:     v0.0[0m
[0;32mI (199) efuse_init: Max chip rev:     v0.99 [0m
[0;32mI (203) efuse_init: Chip rev:         v0.2[0m
[0;32mI (207) heap_init: Initializing. RAM available for dynamic allocation:[0m
[0;32mI (213) heap_init: At 3FC95108 len 00054608 (337 KiB): RAM[0m
[0;32mI (218) heap_init: At 3FCE9710 len 00005724 (21 KiB): RAM[0m
[0;32mI (223) heap_init: At 3FCF0000 len 00008000 (32 KiB): DRAM[0m
[0;32mI (229) heap_init: At 600FE000 len 00001FE8 (7 KiB): RTCRAM[0m
[0;33mW (234) spi_flash: Octal flash chip is using but dio mode is selected, will automatically switch to Octal mode[0m
[0;32mI (244) spi_flash: detected chip: mxic (opi)[0m
[0;32mI (248) spi_flash: flash io: opi_str[0m
[0;33mW (251) spi_flash: Detected size(32768k) larger than the size in the binary image header(2048k). Using the size in the binary image header.[0m
[0;32mI (263) sleep_gpio: Configure to isolate all GPIO pins in sleep state[0m
[0;32mI (270) sleep_gpio: Enable automatic switching of GPIO sleep configuration[0m
[0;32mI (276) main_task: Started on CPU0[0m
[0;32mI (286) main_task: Calling app_main()[0m
Hello world!
This is esp32s3 chip with 2 CPU core(s), WiFi/BLE, silicon revision v0.2, 2MB external flash
Minimum free heap size: 392752 bytes
Restarting in 10 seconds...
Restarting in 9 seconds...
Restarting in 8 seconds...
Restarting in 7 seconds...
Restarting in 6 seconds...
Restarting in 5 seconds...
Restarting in 4 seconds...
Restarting in 3 seconds...
Restarting in 2 seconds...
Restarting in 1 seconds...
Restarting in 0 seconds...
Restarting now.
ESP-ROM:esp32s3-20210327
Build:Mar 27 2021
rst:0xc (RTC_SW_CPU_RST),boot:0x8 (SPI_FAST_FLASH_BOOT)
Saved PC:0x40379114
SPIWP:0xee
Octal Flash Mode Enabled
For OPI Flash, Use Default Flash Boot Mode
mode:SLOW_RD, clock div:1
load:0x3fce2820,len:0x158c
load:0x403c8700,len:0xd24
load:0x403cb700,len:0x2f34
entry 0x403c8924
[0;32mI (31) boot: ESP-IDF -128-NOTFOUND 2nd stage bootloader[0m
[0;32mI (32) boot: compile time Feb  9 2026 09:31:31[0m
[0;32mI (32) boot: Multicore bootloader[0m
[0;32mI (33) boot: chip revision: v0.2[0m
[0;32mI (35) boot: efuse block revision: v1.3[0m
[0;32mI (39) boot.esp32s3: Boot SPI Speed : 80MHz[0m
[0;32mI (43) boot.esp32s3: SPI Mode       : SLOW READ[0m
[0;32mI (47) boot.esp32s3: SPI Flash Size : 2MB[0m
[0;32mI (51) boot: Enabling RNG early entropy source...[0m
[0;32mI (55) boot: Partition Table:[0m
[0;32mI (58) boot: ## Label            Usage          Type ST Offset   Length[0m
[0;32mI (64) boot:  0 nvs              WiFi data        01 02 00009000 00006000[0m
[0;32mI (71) boot:  1 phy_init         RF data          01 01 0000f000 00001000[0m
[0;32mI (77) boot:  2 factory          factory app      00 00 00010000 00100000[0m
[0;32mI (84) boot: End of partition table[0m
[0;32mI (87) esp_image: segment 0: paddr=00010020 vaddr=3c010020 size=07c10h ( 31760) map[0m
[0;32mI (102) esp_image: segment 1: paddr=00017c38 vaddr=3fc92000 size=028c0h ( 10432) load[0m
[0;32mI (105) esp_image: segment 2: paddr=0001a500 vaddr=40374000 size=05b18h ( 23320) load[0m
[0;32mI (116) esp_image: segment 3: paddr=00020020 vaddr=42000020 size=0f2fch ( 62204) map[0m
[0;32mI (132) esp_image: segment 4: paddr=0002f324 vaddr=40379b18 size=0842ch ( 33836) load[0m
[0;32mI (141) esp_image: segment 5: paddr=00037758 vaddr=50000000 size=00020h (    32) load[0m
[0;32mI (147) boot: Loaded app from partition at offset 0x10000[0m
[0;32mI (147) boot: Disabling RNG early entropy source...[0m
[0;32mI (159) cpu_start: Multicore app[0m
[0;32mI (168) cpu_start: GPIO 44 and 43 are used as console UART I/O pins[0m
[0;32mI (168) cpu_start: Pro cpu start user code[0m
[0;32mI (168) cpu_start: cpu freq: 160000000 Hz[0m
[0;32mI (170) app_init: Application information:[0m
[0;32mI (174) app_init: Project name:     hello_world[0m
[0;32mI (178) app_init: App version:      1[0m
[0;32mI (181) app_init: Compile time:     Feb  9 2026 09:31:18[0m
[0;32mI (186) app_init: ELF file SHA256:  50f37f5d8...[0m
[0;32mI (191) app_init: ESP-IDF:          -128-NOTFOUND[0m
[0;32mI (195) efuse_init: Min chip rev:     v0.0[0m
[0;32mI (199) efuse_init: Max chip rev:     v0.99 [0m
[0;32mI (203) efuse_init: Chip rev:         v0.2[0m
[0;32mI (207) heap_init: Initializing. RAM available for dynamic allocation:[0m
[0;32mI (213) heap_init: At 3FC95108 len 00054608 (337 KiB): RAM[0m
[0;32mI (218) heap_init: At 3FCE9710 len 00005724 (21 KiB): RAM[0m
[0;32mI (223) heap_init: At 3FCF0000 len 00008000 (32 KiB): DRAM[0m
[0;32mI (229) heap_init: At 600FE000 len 00001FE8 (7 KiB): RTCRAM[0m
[0;33mW (234) spi_flash: Octal flash chip is using but dio mode is selected, will automatically switch to Octal mode[0m
[0;32mI (244) spi_flash: detected chip: mxic (opi)[0m
[0;32mI (248) spi_flash: flash io: opi_str[0m
[0;33mW (251) spi_flash: Detected size(32768k) larger than the size in the binary image header(2048k). Using the size in the binary image header.[0m
[0;32mI (263) sleep_gpio: Configure to isolate all GPIO pins in sleep state[0m
[0;32mI (270) sleep_gpio: Enable automatic switching of GPIO sleep configuration[0m
[0;32mI (276) main_task: Started on CPU0[0m
[0;32mI (286) main_task: Calling app_main()[0m
Hello world!
This is esp32s3 chip with 2 CPU core(s), WiFi/BLE, silicon revision v0.2, 2MB external flash
Minimum free heap size: 392752 bytes
Restarting in 10 seconds...
Restarting in 9 seconds...
Restarting in 8 seconds...
Restarting in 7 seconds...
Restarting in 6 seconds...
Restarting in 5 seconds...
Restarting in 4 seconds...
Restarting in 3 seconds...
Restarting in 2 seconds...
Restarting in 1 seconds...
Restarting in 0 seconds...
Restarting now.
ESP-ROM:esp32s3-20210327
Build:Mar 27 2021
rst:0xc (RTC_SW_CPU_RST),boot:0x8 (SPI_FAST_FLASH_BOOT)
Saved PC:0x40379114
SPIWP:0xee
Octal Flash Mode Enabled
For OPI Flash, Use Default Flash Boot Mode
mode:SLOW_RD, clock div:1
load:0x3fce2820,len:0x158c
load:0x403c8700,len:0xd24
load:0x403cb700,len:0x2f34
entry 0x403c8924
[0;32mI (31) boot: ESP-IDF -128-NOTFOUND 2nd stage bootloader[0m
[0;32mI (32) boot: compile time Feb  9 2026 09:31:31[0m
[0;32mI (32) boot: Multicore bootloader[0m
[0;32mI (33) boot: chip revision: v0.2[0m
[0;32mI (35) boot: efuse block revision: v1.3[0m
[0;32mI (39) boot.esp32s3: Boot SPI Speed : 80MHz[0m
[0;32mI (43) boot.esp32s3: SPI Mode       : SLOW READ[0m
[0;32mI (47) boot.esp32s3: SPI Flash Size : 2MB[0m
[0;32mI (51) boot: Enabling RNG early entropy source...[0m
[0;32mI (55) boot: Partition Table:[0m
[0;32mI (58) boot: ## Label            Usage          Type ST Offset   Length[0m
[0;32mI (64) boot:  0 nvs              WiFi data        01 02 00009000 00006000[0m
[0;32mI (71) boot:  1 phy_init         RF data          01 01 0000f000 00001000[0m
[0;32mI (77) boot:  2 factory          factory app      00 00 00010000 00100000[0m
[0;32mI (84) boot: End of partition table[0m
[0;32mI (87) esp_image: segment 0: paddr=00010020 vaddr=3c010020 size=07c10h ( 31760) map[0m
[0;32mI (102) esp_image: segment 1: paddr=00017c38 vaddr=3fc92000 size=028c0h ( 10432) load[0m
[0;32mI (105) esp_image: segment 2: paddr=0001a500 vaddr=40374000 size=05b18h ( 23320) load[0m
[0;32mI (116) esp_image: segment 3: paddr=00020020 vaddr=42000020 size=0f2fch ( 62204) map[0m
[0;32mI (132) esp_image: segment 4: paddr=0002f324 vaddr=40379b18 size=0842ch ( 33836) load[0m
[0;32mI (141) esp_image: segment 5: paddr=00037758 vaddr=50000000 size=00020h (    32) load[0m
[0;32mI (147) boot: Loaded app from partition at offset 0x10000[0m
[0;32mI (147) boot: Disabling RNG early entropy source...[0m
[0;32mI (159) cpu_start: Multicore app[0m
[0;32mI (168) cpu_start: GPIO 44 and 43 are used as console UART I/O pins[0m
[0;32mI (168) cpu_start: Pro cpu start user code[0m
[0;32mI (168) cpu_start: cpu freq: 160000000 Hz[0m
[0;32mI (170) app_init: Application information:[0m
[0;32mI (174) app_init: Project name:     hello_world[0m
[0;32mI (178) app_init: App version:      1[0m
[0;32mI (181) app_init: Compile time:     Feb  9 2026 09:31:18[0m
[0;32mI (186) app_init: ELF file SHA256:  50f37f5d8...[0m
[0;32mI (191) app_init: ESP-IDF:          -128-NOTFOUND[0m
[0;32mI (195) efuse_init: Min chip rev:     v0.0[0m
[0;32mI (199) efuse_init: Max chip rev:     v0.99 [0m
[0;32mI (203) efuse_init: Chip rev:         v0.2[0m
[0;32mI (207) heap_init: Initializing. RAM available for dynamic allocation:[0m
[0;32mI (213) heap_init: At 3FC95108 len 00054608 (337 KiB): RAM[0m
[0;32mI (218) heap_init: At 3FCE9710 len 00005724 (21 KiB): RAM[0m
[0;32mI (223) heap_init: At 3FCF0000 len 00008000 (32 KiB): DRAM[0m
[0;32mI (229) heap_init: At 600FE000 len 00001FE8 (7 KiB): RTCRAM[0m
[0;33mW (234) spi_flash: Octal flash chip is using but dio mode is selected, will automatically switch to Octal mode[0m
[0;32mI (244) spi_flash: detected chip: mxic (opi)[0m
[0;32mI (248) spi_flash: flash io: opi_str[0m
[0;33mW (251) spi_flash: Detected size(32768k) larger than the size in the binary image header(2048k). Using the size in the binary image header.[0m
[0;32mI (263) sleep_gpio: Configure to isolate all GPIO pins in sleep state[0m
[0;32mI (270) sleep_gpio: Enable automatic switching of GPIO sleep configuration[0m
[0;32mI (276) main_task: Started on CPU0[0m
[0;32mI (286) main_task: Calling app_main()[0m
Hello world!
This is esp32s3 chip with 2 CPU core(s), WiFi/BLE, silicon revision v0.2, 2MB external flash
Minimum free heap size: 392752 bytes
Restarting in 10 seconds...
Restarting in 9 seconds...
Restarting in 8 seconds...
Restarting in 7 seconds...
Restarting in 6 seconds...
Restarting in 5 seconds...
Restarting in 4 seconds...
Restarting in 3 seconds...
Restarting in 2 seconds...
Restarting in 1 seconds...
Restarting in 0 seconds...
Restarting now.
ESP-ROM:esp32s3-20210327
Build:Mar 27 2021
rst:0xc (RTC_SW_CPU_RST),boot:0x8 (SPI_FAST_FLASH_BOOT)
Saved PC:0x40379114
SPIWP:0xee
Octal Flash Mode Enabled
For OPI Flash, Use Default Flash Boot Mode
mode:SLOW_RD, clock div:1
load:0x3fce2820,len:0x158c
load:0x403c8700,len:0xd24
load:0x403cb700,len:0x2f34
entry 0x403c8924
[0;32mI (31) boot: ESP-IDF -128-NOTFOUND 2nd stage bootloader[0m
[0;32mI (32) boot: compile time Feb  9 2026 09:31:31[0m
[0;32mI (32) boot: Multicore bootloader[0m
[0;32mI (33) boot: chip revision: v0.2[0m
[0;32mI (35) boot: efuse block revision: v1.3[0m
[0;32mI (39) boot.esp32s3: Boot SPI Speed : 80MHz[0m
[0;32mI (43) boot.esp32s3: SPI Mode       : SLOW READ[0m
[0;32mI (47) boot.esp32s3: SPI Flash Size : 2MB[0m
[0;32mI (51) boot: Enabling RNG early entropy source...[0m
[0;32mI (55) boot: Partition Table:[0m
[0;32mI (58) boot: ## Label            Usage          Type ST Offset   Length[0m
[0;32mI (64) boot:  0 nvs              WiFi data        01 02 00009000 00006000[0m
[0;32mI (71) boot:  1 phy_init         RF data          01 01 0000f000 00001000[0m
[0;32mI (77) boot:  2 factory          factory app      00 00 00010000 00100000[0m
[0;32mI (84) boot: End of partition table[0m
[0;32mI (87) esp_image: segment 0: paddr=00010020 vaddr=3c010020 size=07c10h ( 31760) map[0m
[0;32mI (102) esp_image: segment 1: paddr=00017c38 vaddr=3fc92000 size=028c0h ( 10432) load[0m
[0;32mI (105) esp_image: segment 2: paddr=0001a500 vaddr=40374000 size=05b18h ( 23320) load[0m
[0;32mI (116) esp_image: segment 3: paddr=00020020 vaddr=42000020 size=0f2fch ( 62204) map[0m
[0;32mI (132) esp_image: segment 4: paddr=0002f324 vaddr=40379b18 size=0842ch ( 33836) load[0m
[0;32mI (141) esp_image: segment 5: paddr=00037758 vaddr=50000000 size=00020h (    32) load[0m
[0;32mI (147) boot: Loaded app from partition at offset 0x10000[0m
[0;32mI (147) boot: Disabling RNG early entropy source...[0m
[0;32mI (159) cpu_start: Multicore app[0m
[0;32mI (168) cpu_start: GPIO 44 and 43 are used as console UART I/O pins[0m
[0;32mI (168) cpu_start: Pro cpu start user code[0m
[0;32mI (168) cpu_start: cpu freq: 160000000 Hz[0m
[0;32mI (170) app_init: Application information:[0m
[0;32mI (174) app_init: Project name:     hello_world[0m
[0;32mI (178) app_init: App version:      1[0m
[0;32mI (181) app_init: Compile time:     Feb  9 2026 09:31:18[0m
[0;32mI (186) app_init: ELF file SHA256:  50f37f5d8...[0m
[0;32mI (191) app_init: ESP-IDF:          -128-NOTFOUND[0m
[0;32mI (195) efuse_init: Min chip rev:     v0.0[0m
[0;32mI (199) efuse_init: Max chip rev:     v0.99 [0m
[0;32mI (203) efuse_init: Chip rev:         v0.2[0m
[0;32mI (207) heap_init: Initializing. RAM available for dynamic allocation:[0m
[0;32mI (213) heap_init: At 3FC95108 len 00054608 (337 KiB): RAM[0m
[0;32mI (218) heap_init: At 3FCE9710 len 00005724 (21 KiB): RAM[0m
[0;32mI (223) heap_init: At 3FCF0000 len 00008000 (32 KiB): DRAM[0m
[0;32mI (229) heap_init: At 600FE000 len 00001FE8 (7 KiB): RTCRAM[0m
[0;33mW (234) spi_flash: Octal flash chip is using but dio mode is selected, will automatically switch to Octal mode[0m
[0;32mI (244) spi_flash: detected chip: mxic (opi)[0m
[0;32mI (248) spi_flash: flash io: opi_str[0m
[0;33mW (251) spi_flash: Detected size(32768k) larger than the size in the binary image header(2048k). Using the size in the binary image header.[0m
[0;32mI (263) sleep_gpio: Configure to isolate all GPIO pins in sleep state[0m
[0;32mI (270) sleep_gpio: Enable automatic switching of GPIO sleep configuration[0m
[0;32mI (276) main_task: Started on CPU0[0m
[0;32mI (286) main_task: Calling app_main()[0m
Hello world!
This is esp32s3 chip with 2 CPU core(s), WiFi/BLE, silicon revision v0.2, 2MB external flash
Minimum free heap size: 392752 bytes
Restarting in 10 seconds...
Restarting in 9 seconds...
Restarting in 8 seconds...
Restarting in 7 seconds...
Restarting in 6 seconds...
Restarting in 5 seconds...
Restarting in 4 seconds...
Restarting in 3 seconds...
Restarting in 2 seconds...
Restarting in 1 seconds...
Restarting in 0 seconds...
Restarting now.
ESP-ROM:esp32s3-20210327
Build:Mar 27 2021
rst:0xc (RTC_SW_CPU_RST),boot:0x8 (SPI_FAST_FLASH_BOOT)
Saved PC:0x40379114
SPIWP:0xee
Octal Flash Mode Enabled
For OPI Flash, Use Default Flash Boot Mode
mode:SLOW_RD, clock div:1
load:0x3fce2820,len:0x158c
load:0x403c8700,len:0xd24
load:0x403cb700,len:0x2f34
entry 0x403c8924
[0;32mI (31) boot: ESP-IDF -128-NOTFOUND 2nd stage bootloader[0m
[0;32mI (32) boot: compile time Feb  9 2026 09:31:31[0m
[0;32mI (32) boot: Multicore bootloader[0m
[0;32mI (33) boot: chip revision: v0.2[0m
[0;32mI (35) boot: efuse block revision: v1.3[0m
[0;32mI (39) boot.esp32s3: Boot SPI Speed : 80MHz[0m
[0;32mI (43) boot.esp32s3: SPI Mode       : SLOW READ[0m
[0;32mI (47) boot.esp32s3: SPI Flash Size : 2MB[0m
[0;32mI (51) boot: Enabling RNG early entropy source...[0m
[0;32mI (55) boot: Partition Table:[0m
[0;32mI (58) boot: ## Label            Usage          Type ST Offset   Length[0m
[0;32mI (64) boot:  0 nvs              WiFi data        01 02 00009000 00006000[0m
[0;32mI (71) boot:  1 phy_init         RF data          01 01 0000f000 00001000[0m
[0;32mI (77) boot:  2 factory          factory app      00 00 00010000 00100000[0m
[0;32mI (84) boot: End of partition table[0m
[0;32mI (87) esp_image: segment 0: paddr=00010020 vaddr=3c010020 size=07c10h ( 31760) map[0m
[0;32mI (102) esp_image: segment 1: paddr=00017c38 vaddr=3fc92000 size=028c0h ( 10432) load[0m
[0;32mI (105) esp_image: segment 2: paddr=0001a500 vaddr=40374000 size=05b18h ( 23320) load[0m
[0;32mI (116) esp_image: segment 3: paddr=00020020 vaddr=42000020 size=0f2fch ( 62204) map[0m
[0;32mI (132) esp_image: segment 4: paddr=0002f324 vaddr=40379b18 size=0842ch ( 33836) load[0m
[0;32mI (141) esp_image: segment 5: paddr=00037758 vaddr=50000000 size=00020h (    32) load[0m
[0;32mI (147) boot: Loaded app from partition at offset 0x10000[0m
[0;32mI (147) boot: Disabling RNG early entropy source...[0m
[0;32mI (159) cpu_start: Multicore app[0m
[0;32mI (168) cpu_start: GPIO 44 and 43 are used as console UART I/O pins[0m
[0;32mI (168) cpu_start: Pro cpu start user code[0m
[0;32mI (168) cpu_start: cpu freq: 160000000 Hz[0m
[0;32mI (170) app_init: Application information:[0m
[0;32mI (174) app_init: Project name:     hello_world[0m
[0;32mI (178) app_init: App version:      1[0m
[0;32mI (181) app_init: Compile time:     Feb  9 2026 09:31:18[0m
[0;32mI (186) app_init: ELF file SHA256:  50f37f5d8...[0m
[0;32mI (191) app_init: ESP-IDF:          -128-NOTFOUND[0m
[0;32mI (195) efuse_init: Min chip rev:     v0.0[0m
[0;32mI (199) efuse_init: Max chip rev:     v0.99 [0m
[0;32mI (203) efuse_init: Chip rev:         v0.2[0m
[0;32mI (207) heap_init: Initializing. RAM available for dynamic allocation:[0m
[0;32mI (213) heap_init: At 3FC95108 len 00054608 (337 KiB): RAM[0m
[0;32mI (218) heap_init: At 3FCE9710 len 00005724 (21 KiB): RAM[0m
[0;32mI (223) heap_init: At 3FCF0000 len 00008000 (32 KiB): DRAM[0m
[0;32mI (229) heap_init: At 600FE000 len 00001FE8 (7 KiB): RTCRAM[0m
[0;33mW (234) spi_flash: Octal flash chip is using but dio mode is selected, will automatically switch to Octal mode[0m
[0;32mI (244) spi_flash: detected chip: mxic (opi)[0m
[0;32mI (248) spi_flash: flash io: opi_str[0m
[0;33mW (251) spi_flash: Detected size(32768k) larger than the size in the binary image header(2048k). Using the size in the binary image header.[0m
[0;32mI (263) sleep_gpio: Configure to isolate all GPIO pins in sleep state[0m
[0;32mI (270) sleep_gpio: Enable automatic switching of GPIO sleep configuration[0m
[0;32mI (276) main_task: Started on CPU0[0m
[0;32mI (286) main_task: Calling app_main()[0m
Hello world!
This is esp32s3 chip with 2 CPU core(s), WiFi/BLE, silicon revision v0.2, 2MB external flash
Minimum free heap size: 392752 bytes
Restarting in 10 seconds...
Restarting in 9 seconds...
Restarting in 8 seconds...
Restarting in 7 seconds...
Restarting in 6 seconds...
Restarting in 5 seconds...
Restarting in 4 seconds...
Restarting in 3 seconds...
Restarting in 2 seconds...
Restarting in 1 seconds...
Restarting in 0 seconds...
Restarting now.
ESP-ROM:esp32s3-20210327
Build:Mar 27 2021
rst:0xc (RTC_SW_CPU_RST),boot:0x8 (SPI_FAST_FLASH_BOOT)
Saved PC:0x40379114
SPIWP:0xee
Octal Flash Mode Enabled
For OPI Flash, Use Default Flash Boot Mode
mode:SLOW_RD, clock div:1
load:0x3fce2820,len:0x158c
load:0x403c8700,len:0xd24
load:0x403cb700,len:0x2f34
entry 0x403c8924
[0;32mI (31) boot: ESP-IDF -128-NOTFOUND 2nd stage bootloader[0m
[0;32mI (32) boot: compile time Feb  9 2026 09:31:31[0m
[0;32mI (32) boot: Multicore bootloader[0m
[0;32mI (33) boot: chip revision: v0.2[0m
[0;32mI (35) boot: efuse block revision: v1.3[0m
[0;32mI (39) boot.esp32s3: Boot SPI Speed : 80MHz[0m
[0;32mI (43) boot.esp32s3: SPI Mode       : SLOW READ[0m
[0;32mI (47) boot.esp32s3: SPI Flash Size : 2MB[0m
[0;32mI (51) boot: Enabling RNG early entropy source...[0m
[0;32mI (55) boot: Partition Table:[0m
[0;32mI (58) boot: ## Label            Usage          Type ST Offset   Length[0m
[0;32mI (64) boot:  0 nvs              WiFi data        01 02 00009000 00006000[0m
[0;32mI (71) boot:  1 phy_init         RF data          01 01 0000f000 00001000[0m
[0;32mI (77) boot:  2 factory          factory app      00 00 00010000 00100000[0m
[0;32mI (84) boot: End of partition table[0m
[0;32mI (87) esp_image: segment 0: paddr=00010020 vaddr=3c010020 size=07c10h ( 31760) map[0m
[0;32mI (102) esp_image: segment 1: paddr=00017c38 vaddr=3fc92000 size=028c0h ( 10432) load[0m
[0;32mI (105) esp_image: segment 2: paddr=0001a500 vaddr=40374000 size=05b18h ( 23320) load[0m
[0;32mI (116) esp_image: segment 3: paddr=00020020 vaddr=42000020 size=0f2fch ( 62204) map[0m
[0;32mI (132) esp_image: segment 4: paddr=0002f324 vaddr=40379b18 size=0842ch ( 33836) load[0m
[0;32mI (141) esp_image: segment 5: paddr=00037758 vaddr=50000000 size=00020h (    32) load[0m
[0;32mI (147) boot: Loaded app from partition at offset 0x10000[0m
[0;32mI (148) boot: Disabling RNG early entropy source...[0m
[0;32mI (159) cpu_start: Multicore app[0m
[0;32mI (168) cpu_start: GPIO 44 and 43 are used as console UART I/O pins[0m
[0;32mI (168) cpu_start: Pro cpu start user code[0m
[0;32mI (168) cpu_start: cpu freq: 160000000 Hz[0m
[0;32mI (170) app_init: Application information:[0m
[0;32mI (174) app_init: Project name:     hello_world[0m
[0;32mI (178) app_init: App version:      1[0m
[0;32mI (181) app_init: Compile time:     Feb  9 2026 09:31:18[0m
[0;32mI (186) app_init: ELF file SHA256:  50f37f5d8...[0m
[0;32mI (191) app_init: ESP-IDF:          -128-NOTFOUND[0m
[0;32mI (195) efuse_init: Min chip rev:     v0.0[0m
[0;32mI (199) efuse_init: Max chip rev:     v0.99 [0m
[0;32mI (203) efuse_init: Chip rev:         v0.2[0m
[0;32mI (207) heap_init: Initializing. RAM available for dynamic allocation:[0m
[0;32mI (213) heap_init: At 3FC95108 len 00054608 (337 KiB): RAM[0m
[0;32mI (218) heap_init: At 3FCE9710 len 00005724 (21 KiB): RAM[0m
[0;32mI (223) heap_init: At 3FCF0000 len 00008000 (32 KiB): DRAM[0m
[0;32mI (229) heap_init: At 600FE000 len 00001FE8 (7 KiB): RTCRAM[0m
[0;33mW (234) spi_flash: Octal flash chip is using but dio mode is selected, will automatically switch to Octal mode[0m
[0;32mI (244) spi_flash: detected chip: mxic (opi)[0m
[0;32mI (248) spi_flash: flash io: opi_str[0m
[0;33mW (251) spi_flash: Detected size(32768k) larger than the size in the binary image header(2048k). Using the size in the binary image header.[0m
[0;32mI (263) sleep_gpio: Configure to isolate all GPIO pins in sleep state[0m
[0;32mI (270) sleep_gpio: Enable automatic switching of GPIO sleep configuration[0m
[0;32mI (276) main_task: Started on CPU0[0m
[0;32mI (286) main_task: Calling app_main()[0m
Hello world!
This is esp32s3 chip with 2 CPU core(s), WiFi/BLE, silicon revision v0.2, 2MB external flash
Minimum free heap size: 392752 bytes
Restarting in 10 seconds...
Restarting in 9 seconds...
Restarting in 8 seconds...
Restarting in 7 seconds...
Restarting in 6 seconds...
Restarting in 5 seconds...
Restarting in 4 seconds...
Restarting in 3 seconds...
Restarting in 2 seconds...
Restarting in 1 seconds...
Restarting in 0 seconds...
Restarting now.
ESP-ROM:esp32s3-20210327
Build:Mar 27 2021
rst:0xc (RTC_SW_CPU_RST),boot:0x8 (SPI_FAST_FLASH_BOOT)
Saved PC:0x40379114
SPIWP:0xee
Octal Flash Mode Enabled
For OPI Flash, Use Default Flash Boot Mode
mode:SLOW_RD, clock div:1
load:0x3fce2820,len:0x158c
load:0x403c8700,len:0xd24
load:0x403cb700,len:0x2f34
entry 0x403c8924
[0;32mI (31) boot: ESP-IDF -128-NOTFOUND 2nd stage bootloader[0m
[0;32mI (32) boot: compile time Feb  9 2026 09:31:31[0m
[0;32mI (32) boot: Multicore bootloader[0m
[0;32mI (33) boot: chip revision: v0.2[0m
[0;32mI (35) boot: efuse block revision: v1.3[0m
[0;32mI (39) boot.esp32s3: Boot SPI Speed : 80MHz[0m
[0;32mI (43) boot.esp32s3: SPI Mode       : SLOW READ[0m
[0;32mI (47) boot.esp32s3: SPI Flash Size : 2MB[0m
[0;32mI (51) boot: Enabling RNG early entropy source...[0m
[0;32mI (55) boot: Partition Table:[0m
[0;32mI (58) boot: ## Label            Usage          Type ST Offset   Length[0m
[0;32mI (64) boot:  0 nvs              WiFi data        01 02 00009000 00006000[0m
[0;32mI (71) boot:  1 phy_init         RF data          01 01 0000f000 00001000[0m
[0;32mI (77) boot:  2 factory          factory app      00 00 00010000 00100000[0m
[0;32mI (84) boot: End of partition table[0m
[0;32mI (87) esp_image: segment 0: paddr=00010020 vaddr=3c010020 size=07c10h ( 31760) map[0m
[0;32mI (102) esp_image: segment 1: paddr=00017c38 vaddr=3fc92000 size=028c0h ( 10432) load[0m
[0;32mI (105) esp_image: segment 2: paddr=0001a500 vaddr=40374000 size=05b18h ( 23320) load[0m
[0;32mI (116) esp_image: segment 3: paddr=00020020 vaddr=42000020 size=0f2fch ( 62204) map[0m
[0;32mI (132) esp_image: segment 4: paddr=0002f324 vaddr=40379b18 size=0842ch ( 33836) load[0m
[0;32mI (141) esp_image: segment 5: paddr=00037758 vaddr=50000000 size=00020h (    32) load[0m
[0;32mI (147) boot: Loaded app from partition at offset 0x10000[0m
[0;32mI (147) boot: Disabling RNG early entropy source...[0m
[0;32mI (159) cpu_start: Multicore app[0m
[0;32mI (168) cpu_start: GPIO 44 and 43 are used as console UART I/O pins[0m
[0;32mI (168) cpu_start: Pro cpu start user code[0m
[0;32mI (168) cpu_start: cpu freq: 160000000 Hz[0m
[0;32mI (170) app_init: Application information:[0m
[0;32mI (174) app_init: Project name:     hello_world[0m
[0;32mI (178) app_init: App version:      1[0m
[0;32mI (181) app_init: Compile time:     Feb  9 2026 09:31:18[0m
[0;32mI (186) app_init: ELF file SHA256:  50f37f5d8...[0m
[0;32mI (191) app_init: ESP-IDF:          -128-NOTFOUND[0m
[0;32mI (195) efuse_init: Min chip rev:     v0.0[0m
[0;32mI (199) efuse_init: Max chip rev:     v0.99 [0m
[0;32mI (203) efuse_init: Chip rev:         v0.2[0m
[0;32mI (207) heap_init: Initializing. RAM available for dynamic allocation:[0m
[0;32mI (213) heap_init: At 3FC95108 len 00054608 (337 KiB): RAM[0m
[0;32mI (218) heap_init: At 3FCE9710 len 00005724 (21 KiB): RAM[0m
[0;32mI (223) heap_init: At 3FCF0000 len 00008000 (32 KiB): DRAM[0m
[0;32mI (229) heap_init: At 600FE000 len 00001FE8 (7 KiB): RTCRAM[0m
[0;33mW (234) spi_flash: Octal flash chip is using but dio mode is selected, will automatically switch to Octal mode[0m
[0;32mI (244) spi_flash: detected chip: mxic (opi)[0m
[0;32mI (248) spi_flash: flash io: opi_str[0m
[0;33mW (251) spi_flash: Detected size(32768k) larger than the size in the binary image header(2048k). Using the size in the binary image header.[0m
[0;32mI (263) sleep_gpio: Configure to isolate all GPIO pins in sleep state[0m
[0;32mI (270) sleep_gpio: Enable automatic switching of GPIO sleep configuration[0m
[0;32mI (276) main_task: Started on CPU0[0m
[0;32mI (286) main_task: Calling app_main()[0m
Hello world!
This is esp32s3 chip with 2 CPU core(s), WiFi/BLE, silicon revision v0.2, 2MB external flash
Minimum free heap size: 392752 bytes
Restarting in 10 seconds...
Restarting in 9 seconds...
Restarting in 8 seconds...
Restarting in 7 seconds...
Restarting in 6 seconds...
Restarting in 5 seconds...
Restarting in 4 seconds...
Restarting in 3 seconds...
Restarting in 2 seconds...
Restarting in 1 seconds...
Restarting in 0 seconds...
Restarting now.
ESP-ROM:esp32s3-20210327
Build:Mar 27 2021
rst:0xc (RTC_SW_CPU_RST),boot:0x8 (SPI_FAST_FLASH_BOOT)
Saved PC:0x40379114
SPIWP:0xee
Octal Flash Mode Enabled
For OPI Flash, Use Default Flash Boot Mode
mode:SLOW_RD, clock div:1
load:0x3fce2820,len:0x158c
load:0x403c8700,len:0xd24
load:0x403cb700,len:0x2f34
entry 0x403c8924
[0;32mI (31) boot: ESP-IDF -128-NOTFOUND 2nd stage bootloader[0m
[0;32mI (32) boot: compile time Feb  9 2026 09:31:31[0m
[0;32mI (32) boot: Multicore bootloader[0m
[0;32mI (33) boot: chip revision: v0.2[0m
[0;32mI (35) boot: efuse block revision: v1.3[0m
[0;32mI (39) boot.esp32s3: Boot SPI Speed : 80MHz[0m
[0;32mI (43) boot.esp32s3: SPI Mode       : SLOW READ[0m
[0;32mI (47) boot.esp32s3: SPI Flash Size : 2MB[0m
[0;32mI (51) boot: Enabling RNG early entropy source...[0m
[0;32mI (55) boot: Partition Table:[0m
[0;32mI (58) boot: ## Label            Usage          Type ST Offset   Length[0m
[0;32mI (64) boot:  0 nvs              WiFi data        01 02 00009000 00006000[0m
[0;32mI (71) boot:  1 phy_init         RF data          01 01 0000f000 00001000[0m
[0;32mI (77) boot:  2 factory          factory app      00 00 00010000 00100000[0m
[0;32mI (84) boot: End of partition table[0m
[0;32mI (87) esp_image: segment 0: paddr=00010020 vaddr=3c010020 size=07c10h ( 31760) map[0m
[0;32mI (102) esp_image: segment 1: paddr=00017c38 vaddr=3fc92000 size=028c0h ( 10432) load[0m
[0;32mI (105) esp_image: segment 2: paddr=0001a500 vaddr=40374000 size=05b18h ( 23320) load[0m
[0;32mI (116) esp_image: segment 3: paddr=00020020 vaddr=42000020 size=0f2fch ( 62204) map[0m
[0;32mI (132) esp_image: segment 4: paddr=0002f324 vaddr=40379b18 size=0842ch ( 33836) load[0m
[0;32mI (141) esp_image: segment 5: paddr=00037758 vaddr=50000000 size=00020h (    32) load[0m
[0;32mI (147) boot: Loaded app from partition at offset 0x10000[0m
[0;32mI (147) boot: Disabling RNG early entropy source...[0m
[0;32mI (159) cpu_start: Multicore app[0m
[0;32mI (168) cpu_start: GPIO 44 and 43 are used as console UART I/O pins[0m
[0;32mI (168) cpu_start: Pro cpu start user code[0m
[0;32mI (168) cpu_start: cpu freq: 160000000 Hz[0m
[0;32mI (170) app_init: Application information:[0m
[0;32mI (174) app_init: Project name:     hello_world[0m
[0;32mI (178) app_init: App version:      1[0m
[0;32mI (181) app_init: Compile time:     Feb  9 2026 09:31:18[0m
[0;32mI (186) app_init: ELF file SHA256:  50f37f5d8...[0m
[0;32mI (191) app_init: ESP-IDF:          -128-NOTFOUND[0m
[0;32mI (195) efuse_init: Min chip rev:     v0.0[0m
[0;32mI (199) efuse_init: Max chip rev:     v0.99 [0m
[0;32mI (203) efuse_init: Chip rev:         v0.2[0m
[0;32mI (207) heap_init: Initializing. RAM available for dynamic allocation:[0m
[0;32mI (213) heap_init: At 3FC95108 len 00054608 (337 KiB): RAM[0m
[0;32mI (218) heap_init: At 3FCE9710 len 00005724 (21 KiB): RAM[0m
[0;32mI (223) heap_init: At 3FCF0000 len 00008000 (32 KiB): DRAM[0m
[0;32mI (229) heap_init: At 600FE000 len 00001FE8 (7 KiB): RTCRAM[0m
[0;33mW (234) spi_flash: Octal flash chip is using but dio mode is selected, will automatically switch to Octal mode[0m
[0;32mI (244) spi_flash: detected chip: mxic (opi)[0m
[0;32mI (248) spi_flash: flash io: opi_str[0m
[0;33mW (251) spi_flash: Detected size(32768k) larger than the size in the binary image header(2048k). Using the size in the binary image header.[0m
[0;32mI (263) sleep_gpio: Configure to isolate all GPIO pins in sleep state[0m
